Traceback (most recent call last):
  File "<string>", line 18, in <module>
  File "D:\Codes\Quantum\DriftAdaptiveQEC\cnn_fpga\benchmark\phase9_cutoff32_36_design_bootstrap.py", line 417, in <module>
    raise SystemExit(main())
                     ^^^^^^
  File "D:\Codes\Quantum\DriftAdaptiveQEC\cnn_fpga\benchmark\phase9_cutoff32_36_design_bootstrap.py", line 413, in main
    return int(diagnostic.main([]))
               ^^^^^^^^^^^^^^^^^^^
  File "D:\Codes\Quantum\DriftAdaptiveQEC\cnn_fpga\benchmark\phase9_cutoff32_36_design_diagnostic.py", line 1266, in main
    report = write_artifacts()
             ^^^^^^^^^^^^^^^^^
  File "D:\Codes\Quantum\DriftAdaptiveQEC\cnn_fpga\benchmark\phase9_cutoff32_36_design_diagnostic.py", line 1176, in write_artifacts
    _load_evidence(repository)
  File "D:\Codes\Quantum\DriftAdaptiveQEC\cnn_fpga\benchmark\phase9_cutoff32_36_design_diagnostic.py", line 437, in _load_evidence
    reference_manifest, reference_receipts = _selected_reference_receipts(
                                             ^^^^^^^^^^^^^^^^^^^^^^^^^^^^^
  File "D:\Codes\Quantum\DriftAdaptiveQEC\cnn_fpga\benchmark\phase9_cutoff32_36_design_diagnostic.py", line 357, in _selected_reference_receipts
    _, payload = _read_bound_bytes(root, binding)
                 ^^^^^^^^^^^^^^^^^^^^^^^^^^^^^^^^
  File "D:\Codes\Quantum\DriftAdaptiveQEC\cnn_fpga\benchmark\phase9_cutoff32_36_design_diagnostic.py", line 124, in _read_bound_bytes
    raise RuntimeError("diagnostic binding schema drift")
RuntimeError: diagnostic binding schema drift
