\BOOKMARK [1][-]{section.1}{\376\377\000I\000n\000t\000r\000o\000d\000u\000c\000t\000i\000o\000n}{}% 1
\BOOKMARK [1][-]{section.2}{\376\377\000S\000c\000o\000p\000e\000,\000\040\000a\000r\000g\000u\000m\000e\000n\000t\000,\000\040\000a\000n\000d\000\040\000e\000v\000i\000d\000e\000n\000c\000e\000\040\000c\000u\000t\000o\000f\000f}{}% 2
\BOOKMARK [2][-]{subsection.2.1}{\376\377\000T\000e\000r\000m\000i\000n\000o\000l\000o\000g\000y\000\040\000l\000e\000d\000g\000e\000r}{section.2}% 3
\BOOKMARK [2][-]{subsection.2.2}{\376\377\000P\000a\000p\000e\000r\000-\000l\000e\000v\000e\000l\000\040\000c\000l\000a\000i\000m\000\040\000p\000l\000a\000c\000e\000m\000e\000n\000t\000\040\000c\000o\000n\000t\000r\000a\000c\000t}{section.2}% 4
\BOOKMARK [1][-]{section.3}{\376\377\000R\000e\000l\000a\000t\000e\000d\000\040\000W\000o\000r\000k}{}% 5
\BOOKMARK [2][-]{subsection.3.1}{\376\377\000A\000n\000a\000l\000o\000g\000,\000\040\000h\000i\000s\000t\000o\000r\000y\000-\000a\000w\000a\000r\000e\000,\000\040\000a\000n\000d\000\040\000s\000t\000r\000u\000c\000t\000u\000r\000e\000d\000\040\000G\000K\000P\000\040\000d\000e\000c\000o\000d\000i\000n\000g}{section.3}% 6
\BOOKMARK [2][-]{subsection.3.2}{\376\377\000C\000a\000l\000i\000b\000r\000a\000t\000i\000o\000n\000\040\000a\000n\000d\000\040\000d\000r\000i\000f\000t\000-\000a\000d\000a\000p\000t\000i\000v\000e\000\040\000d\000e\000c\000o\000d\000i\000n\000g}{section.3}% 7
\BOOKMARK [2][-]{subsection.3.3}{\376\377\000L\000e\000a\000r\000n\000e\000d\000,\000\040\000n\000o\000n\000-\000M\000a\000r\000k\000o\000v\000i\000a\000n\000,\000\040\000a\000n\000d\000\040\000a\000u\000t\000o\000n\000o\000m\000o\000u\000s\000\040\000f\000e\000e\000d\000b\000a\000c\000k}{section.3}% 8
\BOOKMARK [2][-]{subsection.3.4}{\376\377\000D\000e\000t\000e\000r\000m\000i\000n\000i\000s\000t\000i\000c\000\040\000a\000n\000d\000\040\000F\000P\000G\000A\000\040\000Q\000E\000C\000\040\000d\000e\000c\000o\000d\000e\000r\000s}{section.3}% 9
\BOOKMARK [2][-]{subsection.3.5}{\376\377\000P\000o\000s\000i\000t\000i\000o\000n\000\040\000o\000f\000\040\000t\000h\000e\000\040\000p\000r\000e\000s\000e\000n\000t\000\040\000w\000o\000r\000k}{section.3}% 10
\BOOKMARK [1][-]{section.4}{\376\377\000C\000o\000n\000t\000r\000a\000c\000t\000-\000c\000e\000n\000t\000r\000i\000c\000\040\000d\000u\000a\000l\000-\000l\000o\000o\000p\000\040\000m\000e\000t\000h\000o\000d}{}% 11
\BOOKMARK [2][-]{subsection.4.1}{\376\377\000M\000e\000t\000h\000o\000d\000-\000s\000t\000a\000t\000e\000\040\000c\000o\000n\000v\000e\000n\000t\000i\000o\000n}{section.4}% 12
\BOOKMARK [2][-]{subsection.4.2}{\376\377\000P\000r\000o\000t\000o\000c\000o\000l\000-\000a\000l\000i\000g\000n\000e\000d\000\040\000s\000i\000m\000u\000l\000a\000t\000i\000o\000n\000\040\000s\000t\000a\000c\000k}{section.4}% 13
\BOOKMARK [2][-]{subsection.4.3}{\376\377\000S\000y\000s\000t\000e\000m\000\040\000o\000v\000e\000r\000v\000i\000e\000w\000\040\000a\000n\000d\000\040\000r\000e\000u\000s\000e\000\040\000o\000f\000\040\000t\000h\000e\000\040\000d\000u\000a\000l\000-\000l\000o\000o\000p\000\040\000p\000i\000p\000e\000l\000i\000n\000e}{section.4}% 14
\BOOKMARK [2][-]{subsection.4.4}{\376\377\000T\000a\000s\000k\000\040\000f\000o\000r\000m\000u\000l\000a\000t\000i\000o\000n}{section.4}% 15
\BOOKMARK [2][-]{subsection.4.5}{\376\377\000U\000n\000i\000f\000i\000e\000d\000\040\000e\000x\000e\000c\000u\000t\000i\000o\000n\000\040\000c\000o\000n\000t\000r\000a\000c\000t}{section.4}% 16
\BOOKMARK [2][-]{subsection.4.6}{\376\377\000S\000a\000f\000e\000t\000y\000\040\000s\000t\000a\000t\000e\000\040\000a\000n\000d\000\040\000a\000t\000o\000m\000i\000c\000\040\000u\000p\000d\000a\000t\000e\000s}{section.4}% 17
\BOOKMARK [2][-]{subsection.4.7}{\376\377\000M\000a\000t\000c\000h\000e\000d\000\040\000b\000a\000s\000e\000l\000i\000n\000e\000s\000,\000\040\000o\000r\000a\000c\000l\000e\000,\000\040\000a\000n\000d\000\040\000r\000e\000p\000l\000a\000c\000e\000a\000b\000l\000e\000\040\000l\000e\000a\000r\000n\000e\000d\000\040\000m\000o\000d\000u\000l\000e\000s}{section.4}% 18
\BOOKMARK [2][-]{subsection.4.8}{\376\377\000E\000v\000a\000l\000u\000a\000t\000i\000o\000n\000\040\000p\000r\000o\000t\000o\000c\000o\000l\000\040\000a\000n\000d\000\040\000m\000e\000t\000r\000i\000c\000s}{section.4}% 19
\BOOKMARK [3][-]{subsubsection.4.8.1}{\376\377\000V\0004\000\040\000r\000e\000s\000u\000l\000t\000-\000b\000l\000i\000n\000d\000\040\000f\000o\000r\000m\000a\000l\000\040\000d\000e\000s\000i\000g\000n}{subsection.4.8}% 20
\BOOKMARK [3][-]{subsubsection.4.8.2}{\376\377\000M\000e\000t\000r\000i\000c\000s\000\040\000a\000n\000d\000\040\000o\000f\000f\000l\000i\000n\000e\000\040\000s\000c\000o\000r\000i\000n\000g}{subsection.4.8}% 21
\BOOKMARK [3][-]{subsubsection.4.8.3}{\376\377\000E\000v\000i\000d\000e\000n\000c\000e\000\040\000g\000r\000a\000d\000e\000s\000\040\000a\000n\000d\000\040\000s\000t\000o\000p\000p\000i\000n\000g\000\040\000r\000u\000l\000e\000s}{subsection.4.8}% 22
\BOOKMARK [2][-]{subsection.4.9}{\376\377\000E\000x\000e\000c\000u\000t\000e\000d\000\040\000V\0005\000\040\000e\000n\000t\000r\000y\000\040\000d\000i\000a\000g\000n\000o\000s\000t\000i\000c\000\040\000a\000n\000d\000\040\000c\000o\000n\000d\000i\000t\000i\000o\000n\000a\000l\000\040\000s\000t\000o\000p\000p\000i\000n\000g\000\040\000b\000r\000a\000n\000c\000h}{section.4}% 23
\BOOKMARK [2][-]{subsection.4.10}{\376\377\000F\000i\000x\000e\000d\000-\000p\000o\000i\000n\000t\000,\000\040\000R\000T\000L\000,\000\040\000f\000o\000r\000m\000a\000l\000,\000\040\000a\000n\000d\000\040\000p\000o\000s\000t\000-\000r\000o\000u\000t\000e\000\040\000e\000v\000i\000d\000e\000n\000c\000e\000\040\000b\000o\000u\000n\000d\000a\000r\000y}{section.4}% 24
\BOOKMARK [2][-]{subsection.4.11}{\376\377\000F\000u\000t\000u\000r\000e\000\040\000p\000h\000y\000s\000i\000c\000a\000l\000-\000b\000o\000a\000r\000d\000\040\000p\000r\000o\000c\000e\000d\000u\000r\000e}{section.4}% 25
\BOOKMARK [1][-]{section.5}{\376\377\000R\000e\000s\000u\000l\000t\000s}{}% 26
\BOOKMARK [2][-]{subsection.5.1}{\376\377\000R\000e\000s\000u\000l\000t\000-\000s\000t\000a\000t\000e\000\040\000a\000n\000d\000\040\000r\000a\000n\000k\000i\000n\000g\000\040\000c\000o\000n\000v\000e\000n\000t\000i\000o\000n}{section.5}% 27
\BOOKMARK [2][-]{subsection.5.2}{\376\377\000U\000n\000t\000o\000u\000c\000h\000e\000d\000\040\000s\000m\000o\000o\000t\000h\000\040\000f\000o\000r\000m\000a\000l\000\040\000c\000o\000m\000p\000a\000r\000i\000s\000o\000n}{section.5}% 28
\BOOKMARK [2][-]{subsection.5.3}{\376\377\000A\000c\000t\000i\000o\000n\000\040\000a\000n\000d\000\040\000u\000p\000d\000a\000t\000e\000\040\000d\000i\000a\000g\000n\000o\000s\000t\000i\000c\000s}{section.5}% 29
\BOOKMARK [2][-]{subsection.5.4}{\376\377\000A\000b\000r\000u\000p\000t\000/\000O\000O\000D\000\040\000a\000n\000d\000\040\000n\000o\000m\000i\000n\000a\000l\000\040\000n\000o\000n\000-\000i\000n\000f\000e\000r\000i\000o\000r\000i\000t\000y}{section.5}% 30
\BOOKMARK [2][-]{subsection.5.5}{\376\377\000D\000e\000t\000e\000r\000m\000i\000n\000i\000s\000t\000i\000c\000\040\000e\000x\000e\000c\000u\000t\000i\000o\000n\000\040\000a\000n\000d\000\040\000p\000r\000e\000-\000b\000o\000a\000r\000d\000\040\000h\000a\000r\000d\000w\000a\000r\000e\000\040\000e\000v\000i\000d\000e\000n\000c\000e}{section.5}% 31
\BOOKMARK [2][-]{subsection.5.6}{\376\377\000C\000a\000u\000s\000a\000l\000-\000h\000e\000a\000d\000r\000o\000o\000m\000\040\000a\000u\000d\000i\000t\000\040\000a\000n\000d\000\040\000V\0005\000\040\000e\000a\000r\000l\000y\000\040\000s\000t\000o\000p}{section.5}% 32
\BOOKMARK [2][-]{subsection.5.7}{\376\377\000I\000n\000d\000e\000p\000e\000n\000d\000e\000n\000t\000\040\000P\000h\000a\000s\000e\000\040\0006\000C\000\040\000d\000e\000c\000o\000d\000e\000r\000\040\000a\000n\000d\000\040\000c\000o\000m\000p\000a\000r\000i\000s\000o\000n\000\040\000l\000a\000n\000e\000s}{section.5}% 33
\BOOKMARK [2][-]{subsection.5.8}{\376\377\000L\000e\000g\000a\000c\000y\000\040\000C\000N\000N\000+\000F\000P\000G\000A\000\040\000e\000v\000i\000d\000e\000n\000c\000e\000\040\000r\000e\000t\000a\000i\000n\000e\000d\000\040\000a\000s\000\040\000a\000n\000\040\000e\000x\000t\000e\000n\000s\000i\000o\000n\000\040\000l\000a\000n\000e}{section.5}% 34
\BOOKMARK [2][-]{subsection.5.9}{\376\377\000T\000e\000a\000c\000h\000e\000r\040\023\000s\000t\000u\000d\000e\000n\000t\000\040\000e\000x\000t\000e\000n\000s\000i\000o\000n\000\040\000e\000v\000i\000d\000e\000n\000c\000e}{section.5}% 35
\BOOKMARK [2][-]{subsection.5.10}{\376\377\000S\000u\000p\000p\000l\000e\000m\000e\000n\000t\000a\000r\000y\000\040\000v\000a\000l\000i\000d\000a\000t\000i\000o\000n\000\040\000a\000n\000d\000\040\000f\000a\000i\000l\000u\000r\000e\000-\000d\000o\000m\000a\000i\000n\000\040\000a\000u\000d\000i\000t}{section.5}% 36
\BOOKMARK [1][-]{section.6}{\376\377\000W\000h\000e\000r\000e\000\040\000t\000h\000e\000\040\000c\000u\000r\000r\000e\000n\000t\000\040\000d\000a\000t\000a\000\040\000s\000h\000o\000w\000\040\000a\000n\000\040\000a\000d\000v\000a\000n\000t\000a\000g\000e}{}% 37
\BOOKMARK [1][-]{section.7}{\376\377\000N\000e\000g\000a\000t\000i\000v\000e\000\040\000r\000e\000s\000u\000l\000t\000s\000\040\000t\000h\000a\000t\000\040\000d\000e\000f\000i\000n\000e\000\040\000t\000h\000e\000\040\000d\000e\000s\000i\000g\000n}{}% 38
\BOOKMARK [1][-]{section.8}{\376\377\000T\000e\000r\000m\000i\000n\000a\000l\000\040\000v\000e\000r\000d\000i\000c\000t\000s\000\040\000a\000n\000d\000\040\000r\000e\000m\000a\000i\000n\000i\000n\000g\000\040\000g\000a\000t\000e\000s}{}% 39
\BOOKMARK [1][-]{section.9}{\376\377\000D\000i\000s\000c\000u\000s\000s\000i\000o\000n}{}% 40
\BOOKMARK [2][-]{subsection.9.1}{\376\377\000E\000v\000i\000d\000e\000n\000c\000e\000-\000s\000u\000p\000p\000o\000r\000t\000e\000d\000\040\000c\000o\000n\000t\000r\000i\000b\000u\000t\000i\000o\000n}{section.9}% 41
\BOOKMARK [2][-]{subsection.9.2}{\376\377\000W\000h\000e\000n\000\040\000r\000e\000g\000i\000m\000e\000\040\000a\000w\000a\000r\000e\000n\000e\000s\000s\000\040\000h\000e\000l\000p\000s}{section.9}% 42
\BOOKMARK [2][-]{subsection.9.3}{\376\377\000S\000a\000f\000e\000t\000y\000,\000\040\000p\000e\000r\000f\000o\000r\000m\000a\000n\000c\000e\000,\000\040\000a\000n\000d\000\040\000i\000n\000t\000e\000r\000v\000e\000n\000t\000i\000o\000n\000\040\000c\000o\000s\000t}{section.9}% 43
\BOOKMARK [2][-]{subsection.9.4}{\376\377\000C\000o\000m\000p\000u\000t\000a\000t\000i\000o\000n\000a\000l\000\040\000a\000n\000d\000\040\000h\000a\000r\000d\000w\000a\000r\000e\000\040\000c\000o\000s\000t}{section.9}% 44
\BOOKMARK [2][-]{subsection.9.5}{\376\377\000E\000x\000t\000e\000r\000n\000a\000l\000\040\000v\000a\000l\000i\000d\000i\000t\000y\000\040\000a\000n\000d\000\040\000m\000i\000s\000s\000i\000n\000g\000\040\000p\000h\000y\000s\000i\000c\000a\000l\000\040\000e\000v\000i\000d\000e\000n\000c\000e}{section.9}% 45
\BOOKMARK [2][-]{subsection.9.6}{\376\377\000R\000e\000l\000a\000t\000i\000o\000n\000s\000h\000i\000p\000\040\000t\000o\000\040\000p\000r\000i\000o\000r\000\040\000d\000e\000c\000o\000d\000e\000r\000\040\000c\000l\000a\000s\000s\000e\000s}{section.9}% 46
\BOOKMARK [2][-]{subsection.9.7}{\376\377\000F\000a\000i\000l\000u\000r\000e\000-\000i\000n\000f\000o\000r\000m\000e\000d\000\040\000d\000e\000s\000i\000g\000n\000\040\000p\000r\000i\000o\000r\000i\000t\000i\000e\000s}{section.9}% 47
\BOOKMARK [2][-]{subsection.9.8}{\376\377\000S\000t\000a\000g\000e\000d\000\040\000p\000a\000t\000h\000\040\000t\000o\000\040\000r\000e\000a\000l\000\040\000d\000a\000t\000a\000,\000\040\000b\000o\000a\000r\000d\000\040\000m\000e\000a\000s\000u\000r\000e\000m\000e\000n\000t\000,\000\040\000a\000n\000d\000\040\000p\000h\000y\000s\000i\000c\000a\000l\000\040\000b\000r\000e\000a\000k\000-\000e\000v\000e\000n}{section.9}% 48
\BOOKMARK [1][-]{section.10}{\376\377\000R\000e\000p\000r\000o\000d\000u\000c\000i\000b\000i\000l\000i\000t\000y\000\040\000a\000n\000d\000\040\000e\000v\000i\000d\000e\000n\000c\000e\000\040\000a\000v\000a\000i\000l\000a\000b\000i\000l\000i\000t\000y}{}% 49
\BOOKMARK [1][-]{section.11}{\376\377\000C\000o\000n\000c\000l\000u\000s\000i\000o\000n}{}% 50
\BOOKMARK [1][-]{appendix.A}{\376\377\000E\000v\000i\000d\000e\000n\000c\000e\000-\000b\000o\000u\000n\000d\000e\000d\000\040\000s\000u\000p\000p\000l\000e\000m\000e\000n\000t\000a\000r\000y\000\040\000f\000i\000g\000u\000r\000e\000\040\000s\000u\000i\000t\000e}{}% 51
\BOOKMARK [1][-]{appendix.B}{\376\377\000P\000r\000i\000m\000a\000r\000y\000\040\000r\000e\000p\000o\000s\000i\000t\000o\000r\000y\000\040\000e\000v\000i\000d\000e\000n\000c\000e\000\040\000m\000a\000p}{}% 52
\BOOKMARK [1][-]{appendix.C}{\376\377\000C\000l\000a\000i\000m\000\040\000w\000o\000r\000d\000i\000n\000g\000\040\000g\000u\000a\000r\000d\000r\000a\000i\000l\000s}{}% 53
