This is XeTeX, Version 3.141592653-2.6-0.999996 (TeX Live 2024) (preloaded format=xelatex 2025.7.11)  20 JUL 2026 18:02
entering extended mode
 restricted \write18 enabled.
 %&-line parsing enabled.
**D:/Codes/Quantum/DriftAdaptiveQEC/docs/paper_notes/Contract_Centric_Regime_Aw
are_GKP_note_draft.tex

(d:/Codes/Quantum/DriftAdaptiveQEC/docs/paper_notes/Contract_Centric_Regime_Awa
re_GKP_note_draft.tex
LaTeX2e <2023-11-01> patch level 1
L3 programming layer <2024-02-20>
(c:/texlive/2024/texmf-dist/tex/latex/base/article.cls
Document Class: article 2023/05/17 v1.4n Standard LaTeX document class
(c:/texlive/2024/texmf-dist/tex/latex/base/size11.clo
File: size11.clo 2023/05/17 v1.4n Standard LaTeX file (size option)
)
\c@part=\count184
\c@section=\count185
\c@subsection=\count186
\c@subsubsection=\count187
\c@paragraph=\count188
\c@subparagraph=\count189
\c@figure=\count190
\c@table=\count191
\abovecaptionskip=\skip48
\belowcaptionskip=\skip49
\bibindent=\dimen140
)
(c:/texlive/2024/texmf-dist/tex/latex/geometry/geometry.sty
Package: geometry 2020/01/02 v5.9 Page Geometry

(c:/texlive/2024/texmf-dist/tex/latex/graphics/keyval.sty
Package: keyval 2022/05/29 v1.15 key=value parser (DPC)
\KV@toks@=\toks17
)
(c:/texlive/2024/texmf-dist/tex/generic/iftex/ifvtex.sty
Package: ifvtex 2019/10/25 v1.7 ifvtex legacy package. Use iftex instead.

(c:/texlive/2024/texmf-dist/tex/generic/iftex/iftex.sty
Package: iftex 2022/02/03 v1.0f TeX engine tests
))
\Gm@cnth=\count192
\Gm@cntv=\count193
\c@Gm@tempcnt=\count194
\Gm@bindingoffset=\dimen141
\Gm@wd@mp=\dimen142
\Gm@odd@mp=\dimen143
\Gm@even@mp=\dimen144
\Gm@layoutwidth=\dimen145
\Gm@layoutheight=\dimen146
\Gm@layouthoffset=\dimen147
\Gm@layoutvoffset=\dimen148
\Gm@dimlist=\toks18
)
(c:/texlive/2024/texmf-dist/tex/latex/amsmath/amsmath.sty
Package: amsmath 2023/05/13 v2.17o AMS math features
\@mathmargin=\skip50

For additional information on amsmath, use the `?' option.
(c:/texlive/2024/texmf-dist/tex/latex/amsmath/amstext.sty
Package: amstext 2021/08/26 v2.01 AMS text

(c:/texlive/2024/texmf-dist/tex/latex/amsmath/amsgen.sty
File: amsgen.sty 1999/11/30 v2.0 generic functions
\@emptytoks=\toks19
\ex@=\dimen149
))
(c:/texlive/2024/texmf-dist/tex/latex/amsmath/amsbsy.sty
Package: amsbsy 1999/11/29 v1.2d Bold Symbols
\pmbraise@=\dimen150
)
(c:/texlive/2024/texmf-dist/tex/latex/amsmath/amsopn.sty
Package: amsopn 2022/04/08 v2.04 operator names
)
\inf@bad=\count195
LaTeX Info: Redefining \frac on input line 234.
\uproot@=\count196
\leftroot@=\count197
LaTeX Info: Redefining \overline on input line 399.
LaTeX Info: Redefining \colon on input line 410.
\classnum@=\count198
\DOTSCASE@=\count199
LaTeX Info: Redefining \ldots on input line 496.
LaTeX Info: Redefining \dots on input line 499.
LaTeX Info: Redefining \cdots on input line 620.
\Mathstrutbox@=\box51
\strutbox@=\box52
LaTeX Info: Redefining \big on input line 722.
LaTeX Info: Redefining \Big on input line 723.
LaTeX Info: Redefining \bigg on input line 724.
LaTeX Info: Redefining \Bigg on input line 725.
\big@size=\dimen151
LaTeX Font Info:    Redeclaring font encoding OML on input line 743.
LaTeX Font Info:    Redeclaring font encoding OMS on input line 744.
\macc@depth=\count266
LaTeX Info: Redefining \bmod on input line 905.
LaTeX Info: Redefining \pmod on input line 910.
LaTeX Info: Redefining \smash on input line 940.
LaTeX Info: Redefining \relbar on input line 970.
LaTeX Info: Redefining \Relbar on input line 971.
\c@MaxMatrixCols=\count267
\dotsspace@=\muskip16
\c@parentequation=\count268
\dspbrk@lvl=\count269
\tag@help=\toks20
\row@=\count270
\column@=\count271
\maxfields@=\count272
\andhelp@=\toks21
\eqnshift@=\dimen152
\alignsep@=\dimen153
\tagshift@=\dimen154
\tagwidth@=\dimen155
\totwidth@=\dimen156
\lineht@=\dimen157
\@envbody=\toks22
\multlinegap=\skip51
\multlinetaggap=\skip52
\mathdisplay@stack=\toks23
LaTeX Info: Redefining \[ on input line 2953.
LaTeX Info: Redefining \] on input line 2954.
)
(c:/texlive/2024/texmf-dist/tex/latex/amsfonts/amssymb.sty
Package: amssymb 2013/01/14 v3.01 AMS font symbols

(c:/texlive/2024/texmf-dist/tex/latex/amsfonts/amsfonts.sty
Package: amsfonts 2013/01/14 v3.01 Basic AMSFonts support
\symAMSa=\mathgroup4
\symAMSb=\mathgroup5
LaTeX Font Info:    Redeclaring math symbol \hbar on input line 98.
LaTeX Font Info:    Overwriting math alphabet `\mathfrak' in version `bold'
(Font)                  U/euf/m/n --> U/euf/b/n on input line 106.
))
(c:/texlive/2024/texmf-dist/tex/latex/tools/array.sty
Package: array 2023/10/16 v2.5g Tabular extension package (FMi)
\col@sep=\dimen158
\ar@mcellbox=\box53
\extrarowheight=\dimen159
\NC@list=\toks24
\extratabsurround=\skip53
\backup@length=\skip54
\ar@cellbox=\box54
)
(c:/texlive/2024/texmf-dist/tex/latex/booktabs/booktabs.sty
Package: booktabs 2020/01/12 v1.61803398 Publication quality tables
\heavyrulewidth=\dimen160
\lightrulewidth=\dimen161
\cmidrulewidth=\dimen162
\belowrulesep=\dimen163
\belowbottomsep=\dimen164
\aboverulesep=\dimen165
\abovetopsep=\dimen166
\cmidrulesep=\dimen167
\cmidrulekern=\dimen168
\defaultaddspace=\dimen169
\@cmidla=\count273
\@cmidlb=\count274
\@aboverulesep=\dimen170
\@belowrulesep=\dimen171
\@thisruleclass=\count275
\@lastruleclass=\count276
\@thisrulewidth=\dimen172
)
(c:/texlive/2024/texmf-dist/tex/latex/caption/caption.sty
Package: caption 2023/08/05 v3.6o Customizing captions (AR)

(c:/texlive/2024/texmf-dist/tex/latex/caption/caption3.sty
Package: caption3 2023/07/31 v2.4d caption3 kernel (AR)
\caption@tempdima=\dimen173
\captionmargin=\dimen174
\caption@leftmargin=\dimen175
\caption@rightmargin=\dimen176
\caption@width=\dimen177
\caption@indent=\dimen178
\caption@parindent=\dimen179
\caption@hangindent=\dimen180
Package caption Info: Standard document class detected.
)
\c@caption@flags=\count277
\c@continuedfloat=\count278
)
(c:/texlive/2024/texmf-dist/tex/latex/graphics/graphicx.sty
Package: graphicx 2021/09/16 v1.2d Enhanced LaTeX Graphics (DPC,SPQR)

(c:/texlive/2024/texmf-dist/tex/latex/graphics/graphics.sty
Package: graphics 2022/03/10 v1.4e Standard LaTeX Graphics (DPC,SPQR)

(c:/texlive/2024/texmf-dist/tex/latex/graphics/trig.sty
Package: trig 2021/08/11 v1.11 sin cos tan (DPC)
)
(c:/texlive/2024/texmf-dist/tex/latex/graphics-cfg/graphics.cfg
File: graphics.cfg 2016/06/04 v1.11 sample graphics configuration
)
Package graphics Info: Driver file: xetex.def on input line 107.

(c:/texlive/2024/texmf-dist/tex/latex/graphics-def/xetex.def
File: xetex.def 2022/09/22 v5.0n Graphics/color driver for xetex
))
\Gin@req@height=\dimen181
\Gin@req@width=\dimen182
)
(c:/texlive/2024/texmf-dist/tex/latex/tools/longtable.sty
Package: longtable 2023-11-01 v4.19 Multi-page Table package (DPC)
\LTleft=\skip55
\LTright=\skip56
\LTpre=\skip57
\LTpost=\skip58
\LTchunksize=\count279
\LTcapwidth=\dimen183
\LT@head=\box55
\LT@firsthead=\box56
\LT@foot=\box57
\LT@lastfoot=\box58
\LT@gbox=\box59
\LT@cols=\count280
\LT@rows=\count281
\c@LT@tables=\count282
\c@LT@chunks=\count283
\LT@p@ftn=\toks25
)
(c:/texlive/2024/texmf-dist/tex/latex/tools/tabularx.sty
Package: tabularx 2023/07/08 v2.11c `tabularx' package (DPC)
\TX@col@width=\dimen184
\TX@old@table=\dimen185
\TX@old@col=\dimen186
\TX@target=\dimen187
\TX@delta=\dimen188
\TX@cols=\count284
\TX@ftn=\toks26
)
(c:/texlive/2024/texmf-dist/tex/latex/xcolor/xcolor.sty
Package: xcolor 2023/11/15 v3.01 LaTeX color extensions (UK)

(c:/texlive/2024/texmf-dist/tex/latex/graphics-cfg/color.cfg
File: color.cfg 2016/01/02 v1.6 sample color configuration
)
Package xcolor Info: Driver file: xetex.def on input line 274.

(c:/texlive/2024/texmf-dist/tex/latex/graphics/mathcolor.ltx)
Package xcolor Info: Model `cmy' substituted by `cmy0' on input line 1350.
Package xcolor Info: Model `RGB' extended on input line 1366.
Package xcolor Info: Model `HTML' substituted by `rgb' on input line 1368.
Package xcolor Info: Model `Hsb' substituted by `hsb' on input line 1369.
Package xcolor Info: Model `tHsb' substituted by `hsb' on input line 1370.
Package xcolor Info: Model `HSB' substituted by `hsb' on input line 1371.
Package xcolor Info: Model `Gray' substituted by `gray' on input line 1372.
Package xcolor Info: Model `wave' substituted by `hsb' on input line 1373.
)
(c:/texlive/2024/texmf-dist/tex/latex/hyperref/hyperref.sty
Package: hyperref 2024-01-20 v7.01h Hypertext links for LaTeX

(c:/texlive/2024/texmf-dist/tex/latex/kvsetkeys/kvsetkeys.sty
Package: kvsetkeys 2022-10-05 v1.19 Key value parser (HO)
)
(c:/texlive/2024/texmf-dist/tex/generic/kvdefinekeys/kvdefinekeys.sty
Package: kvdefinekeys 2019-12-19 v1.6 Define keys (HO)
)
(c:/texlive/2024/texmf-dist/tex/generic/pdfescape/pdfescape.sty
Package: pdfescape 2019/12/09 v1.15 Implements pdfTeX's escape features (HO)

(c:/texlive/2024/texmf-dist/tex/generic/ltxcmds/ltxcmds.sty
Package: ltxcmds 2023-12-04 v1.26 LaTeX kernel commands for general use (HO)
)
(c:/texlive/2024/texmf-dist/tex/generic/pdftexcmds/pdftexcmds.sty
Package: pdftexcmds 2020-06-27 v0.33 Utility functions of pdfTeX for LuaTeX (HO
)

(c:/texlive/2024/texmf-dist/tex/generic/infwarerr/infwarerr.sty
Package: infwarerr 2019/12/03 v1.5 Providing info/warning/error messages (HO)
)
Package pdftexcmds Info: \pdf@primitive is available.
Package pdftexcmds Info: \pdf@ifprimitive is available.
Package pdftexcmds Info: \pdfdraftmode not found.
))
(c:/texlive/2024/texmf-dist/tex/latex/hycolor/hycolor.sty
Package: hycolor 2020-01-27 v1.10 Color options for hyperref/bookmark (HO)
)
(c:/texlive/2024/texmf-dist/tex/latex/auxhook/auxhook.sty
Package: auxhook 2019-12-17 v1.6 Hooks for auxiliary files (HO)
)
(c:/texlive/2024/texmf-dist/tex/latex/hyperref/nameref.sty
Package: nameref 2023-11-26 v2.56 Cross-referencing by name of section

(c:/texlive/2024/texmf-dist/tex/latex/refcount/refcount.sty
Package: refcount 2019/12/15 v3.6 Data extraction from label references (HO)
)
(c:/texlive/2024/texmf-dist/tex/generic/gettitlestring/gettitlestring.sty
Package: gettitlestring 2019/12/15 v1.6 Cleanup title references (HO)

(c:/texlive/2024/texmf-dist/tex/latex/kvoptions/kvoptions.sty
Package: kvoptions 2022-06-15 v3.15 Key value format for package options (HO)
))
\c@section@level=\count285
)
(c:/texlive/2024/texmf-dist/tex/latex/etoolbox/etoolbox.sty
Package: etoolbox 2020/10/05 v2.5k e-TeX tools for LaTeX (JAW)
\etb@tempcnta=\count286
)
\@linkdim=\dimen189
\Hy@linkcounter=\count287
\Hy@pagecounter=\count288

(c:/texlive/2024/texmf-dist/tex/latex/hyperref/pd1enc.def
File: pd1enc.def 2024-01-20 v7.01h Hyperref: PDFDocEncoding definition (HO)
)
(c:/texlive/2024/texmf-dist/tex/generic/intcalc/intcalc.sty
Package: intcalc 2019/12/15 v1.3 Expandable calculations with integers (HO)
)
\Hy@SavedSpaceFactor=\count289

(c:/texlive/2024/texmf-dist/tex/latex/hyperref/puenc.def
File: puenc.def 2024-01-20 v7.01h Hyperref: PDF Unicode definition (HO)
)
Package hyperref Info: Hyper figures OFF on input line 4179.
Package hyperref Info: Link nesting OFF on input line 4184.
Package hyperref Info: Hyper index ON on input line 4187.
Package hyperref Info: Plain pages OFF on input line 4194.
Package hyperref Info: Backreferencing OFF on input line 4199.
Package hyperref Info: Implicit mode ON; LaTeX internals redefined.
Package hyperref Info: Bookmarks ON on input line 4446.
\c@Hy@tempcnt=\count290

(c:/texlive/2024/texmf-dist/tex/latex/url/url.sty
\Urlmuskip=\muskip17
Package: url 2013/09/16  ver 3.4  Verb mode for urls, etc.
)
LaTeX Info: Redefining \url on input line 4784.
\XeTeXLinkMargin=\dimen190

(c:/texlive/2024/texmf-dist/tex/generic/bitset/bitset.sty
Package: bitset 2019/12/09 v1.3 Handle bit-vector datatype (HO)

(c:/texlive/2024/texmf-dist/tex/generic/bigintcalc/bigintcalc.sty
Package: bigintcalc 2019/12/15 v1.5 Expandable calculations on big integers (HO
)
))
\Fld@menulength=\count291
\Field@Width=\dimen191
\Fld@charsize=\dimen192
Package hyperref Info: Hyper figures OFF on input line 6063.
Package hyperref Info: Link nesting OFF on input line 6068.
Package hyperref Info: Hyper index ON on input line 6071.
Package hyperref Info: backreferencing OFF on input line 6078.
Package hyperref Info: Link coloring OFF on input line 6083.
Package hyperref Info: Link coloring with OCG OFF on input line 6088.
Package hyperref Info: PDF/A mode OFF on input line 6093.

(c:/texlive/2024/texmf-dist/tex/latex/base/atbegshi-ltx.sty
Package: atbegshi-ltx 2021/01/10 v1.0c Emulation of the original atbegshi
package with kernel methods
)
\Hy@abspage=\count292
\c@Item=\count293
\c@Hfootnote=\count294
)
Package hyperref Info: Driver (autodetected): hxetex.

(c:/texlive/2024/texmf-dist/tex/latex/hyperref/hxetex.def
File: hxetex.def 2024-01-20 v7.01h Hyperref driver for XeTeX

(c:/texlive/2024/texmf-dist/tex/generic/stringenc/stringenc.sty
Package: stringenc 2019/11/29 v1.12 Convert strings between diff. encodings (HO
)
)
\pdfm@box=\box60
\c@Hy@AnnotLevel=\count295
\HyField@AnnotCount=\count296
\Fld@listcount=\count297
\c@bookmark@seq@number=\count298

(c:/texlive/2024/texmf-dist/tex/latex/rerunfilecheck/rerunfilecheck.sty
Package: rerunfilecheck 2022-07-10 v1.10 Rerun checks for auxiliary files (HO)

(c:/texlive/2024/texmf-dist/tex/latex/base/atveryend-ltx.sty
Package: atveryend-ltx 2020/08/19 v1.0a Emulation of the original atveryend pac
kage
with kernel methods
)
(c:/texlive/2024/texmf-dist/tex/generic/uniquecounter/uniquecounter.sty
Package: uniquecounter 2019/12/15 v1.4 Provide unlimited unique counter (HO)
)
Package uniquecounter Info: New unique counter `rerunfilecheck' on input line 2
85.
)
\Hy@SectionHShift=\skip59
)
(c:/texlive/2024/texmf-dist/tex/latex/microtype/microtype.sty
Package: microtype 2023/03/13 v3.1a Micro-typographical refinements (RS)
\MT@toks=\toks27
\MT@tempbox=\box61
\MT@count=\count299
LaTeX Info: Redefining \noprotrusionifhmode on input line 1059.
LaTeX Info: Redefining \leftprotrusion on input line 1060.
\MT@prot@toks=\toks28
LaTeX Info: Redefining \rightprotrusion on input line 1078.
LaTeX Info: Redefining \textls on input line 1368.
\MT@outer@kern=\dimen193
LaTeX Info: Redefining \textmicrotypecontext on input line 1988.
\MT@listname@count=\count300

(c:/texlive/2024/texmf-dist/tex/latex/microtype/microtype-xetex.def
File: microtype-xetex.def 2023/03/13 v3.1a Definitions specific to xetex (RS)
LaTeX Info: Redefining \lsstyle on input line 238.
)
Package microtype Info: Loading configuration file microtype.cfg.

(c:/texlive/2024/texmf-dist/tex/latex/microtype/microtype.cfg
File: microtype.cfg 2023/03/13 v3.1a microtype main configuration file (RS)
))
Package hyperref Info: Option `colorlinks' set `true' on input line 15.

(c:/texlive/2024/texmf-dist/tex/latex/l3backend/l3backend-xetex.def
File: l3backend-xetex.def 2024-02-20 L3 backend support: XeTeX
\g__graphics_track_int=\count301
\l__pdf_internal_box=\box62
\g__pdf_backend_object_int=\count302
\g__pdf_backend_annotation_int=\count303
\g__pdf_backend_link_int=\count304
)
(D:/Codes/Quantum/DriftAdaptiveQEC/output/pdf/contract_note_t7_1_3/Contract_Cen
tric_Regime_Aware_GKP_note_draft.aux)
\openout1 = `Contract_Centric_Regime_Aware_GKP_note_draft.aux'.

LaTeX Font Info:    Checking defaults for OML/cmm/m/it on input line 32.
LaTeX Font Info:    ... okay on input line 32.
LaTeX Font Info:    Checking defaults for OMS/cmsy/m/n on input line 32.
LaTeX Font Info:    ... okay on input line 32.
LaTeX Font Info:    Checking defaults for OT1/cmr/m/n on input line 32.
LaTeX Font Info:    ... okay on input line 32.
LaTeX Font Info:    Checking defaults for T1/cmr/m/n on input line 32.
LaTeX Font Info:    ... okay on input line 32.
LaTeX Font Info:    Checking defaults for TS1/cmr/m/n on input line 32.
LaTeX Font Info:    Trying to load font information for TS1+cmr on input line 3
2.

(c:/texlive/2024/texmf-dist/tex/latex/base/ts1cmr.fd
File: ts1cmr.fd 2023/04/13 v2.5m Standard LaTeX font definitions
)
LaTeX Font Info:    ... okay on input line 32.
LaTeX Font Info:    Checking defaults for TU/lmr/m/n on input line 32.
LaTeX Font Info:    ... okay on input line 32.
LaTeX Font Info:    Checking defaults for OMX/cmex/m/n on input line 32.
LaTeX Font Info:    ... okay on input line 32.
LaTeX Font Info:    Checking defaults for U/cmr/m/n on input line 32.
LaTeX Font Info:    ... okay on input line 32.
LaTeX Font Info:    Checking defaults for PD1/pdf/m/n on input line 32.
LaTeX Font Info:    ... okay on input line 32.
LaTeX Font Info:    Checking defaults for PU/pdf/m/n on input line 32.
LaTeX Font Info:    ... okay on input line 32.

*geometry* driver: auto-detecting
*geometry* detected driver: xetex
*geometry* verbose mode - [ preamble ] result:
* driver: xetex
* paper: <default>
* layout: <same size as paper>
* layoutoffset:(h,v)=(0.0pt,0.0pt)
* modes: 
* h-part:(L,W,R)=(52.03448pt, 510.22603pt, 52.03448pt)
* v-part:(T,H,B)=(52.03448pt, 690.90102pt, 52.03448pt)
* \paperwidth=614.295pt
* \paperheight=794.96999pt
* \textwidth=510.22603pt
* \textheight=690.90102pt
* \oddsidemargin=-20.2355pt
* \evensidemargin=-20.2355pt
* \topmargin=-57.2355pt
* \headheight=12.0pt
* \headsep=25.0pt
* \topskip=11.0pt
* \footskip=30.0pt
* \marginparwidth=59.0pt
* \marginparsep=10.0pt
* \columnsep=10.0pt
* \skip\footins=10.0pt plus 4.0pt minus 2.0pt
* \hoffset=0.0pt
* \voffset=0.0pt
* \mag=1000
* \@twocolumnfalse
* \@twosidefalse
* \@mparswitchfalse
* \@reversemarginfalse
* (1in=72.27pt=25.4mm, 1cm=28.453pt)

Package caption Info: Begin \AtBeginDocument code.
Package caption Info: hyperref package is loaded.
Package caption Info: longtable package is loaded.
(c:/texlive/2024/texmf-dist/tex/latex/caption/ltcaption.sty
Package: ltcaption 2021/01/08 v1.4c longtable captions (AR)
)
Package caption Info: End \AtBeginDocument code.
Package hyperref Info: Link coloring ON on input line 32.

(D:/Codes/Quantum/DriftAdaptiveQEC/output/pdf/contract_note_t7_1_3/Contract_Cen
tric_Regime_Aware_GKP_note_draft.out)
(D:/Codes/Quantum/DriftAdaptiveQEC/output/pdf/contract_note_t7_1_3/Contract_Cen
tric_Regime_Aware_GKP_note_draft.out)
\@outlinefile=\write3
\openout3 = `Contract_Centric_Regime_Aware_GKP_note_draft.out'.

LaTeX Info: Redefining \microtypecontext on input line 32.
Package microtype Info: Applying patch `item' on input line 32.
Package microtype Info: Applying patch `toc' on input line 32.
Package microtype Info: Applying patch `eqnum' on input line 32.
Package microtype Info: Applying patch `footnote' on input line 32.
Package microtype Info: Applying patch `verbatim' on input line 32.
Package microtype Info: Character protrusion enabled (level 2).
Package microtype Info: Using default protrusion set `alltext'.
Package microtype Info: No adjustment of tracking.
Package microtype Info: No adjustment of spacing.
Package microtype Info: No adjustment of kerning.

(c:/texlive/2024/texmf-dist/tex/latex/microtype/mt-LatinModernRoman.cfg
File: mt-LatinModernRoman.cfg 2021/02/21 v1.1 microtype config. file: Latin Mod
ern Roman (RS)
)
(c:/texlive/2024/texmf-dist/tex/latex/microtype/mt-cmr.cfg
File: mt-cmr.cfg 2013/05/19 v2.2 microtype config. file: Computer Modern Roman 
(RS)
)
LaTeX Font Info:    Trying to load font information for U+msa on input line 34.


(c:/texlive/2024/texmf-dist/tex/latex/amsfonts/umsa.fd
File: umsa.fd 2013/01/14 v3.01 AMS symbols A
)
(c:/texlive/2024/texmf-dist/tex/latex/microtype/mt-msa.cfg
File: mt-msa.cfg 2006/02/04 v1.1 microtype config. file: AMS symbols (a) (RS)
)
LaTeX Font Info:    Trying to load font information for U+msb on input line 34.


(c:/texlive/2024/texmf-dist/tex/latex/amsfonts/umsb.fd
File: umsb.fd 2013/01/14 v3.01 AMS symbols B
)
(c:/texlive/2024/texmf-dist/tex/latex/microtype/mt-msb.cfg
File: mt-msb.cfg 2005/06/01 v1.0 microtype config. file: AMS symbols (b) (RS)
)
(D:/Codes/Quantum/DriftAdaptiveQEC/output/pdf/contract_note_t7_1_3/Contract_Cen
tric_Regime_Aware_GKP_note_draft.toc [1

])
\tf@toc=\write4
\openout4 = `Contract_Centric_Regime_Aware_GKP_note_draft.toc'.

Package microtype Info: Loading generic protrusion settings for font family
(microtype)             `lmtt' (encoding: TU).
(microtype)             For optimal results, create family-specific settings.
(microtype)             See the microtype manual for details.

Underfull \hbox (badness 1888) in paragraph at lines 100--100
[]|\TU/lmr/m/n/10 V4 passed restricted simulator/pre-board gates but
 []


Underfull \hbox (badness 3179) in paragraph at lines 100--100
[]|\TU/lmr/m/n/10 Causal-headroom entry gate failed and V5 ended
 []

[2] [3] [4]
File: ../figures/t7_1_2_main_figures/figure1_contract_system.pdf Graphic file (
type pdf)
<use ../figures/t7_1_2_main_figures/figure1_contract_system.pdf>
 [5] [6]
File: ../figures/t7_1_2_main_figures/figure2_safe_adaptation.pdf Graphic file (
type pdf)
<use ../figures/t7_1_2_main_figures/figure2_safe_adaptation.pdf>
File: ../figures/ppt_summary_20260716/drift_adaptive_architecture_cn.pdf Graphi
c file (type pdf)
<use ../figures/ppt_summary_20260716/drift_adaptive_architecture_cn.pdf>
 [7] [8] [9] [10] [11]
File: ../figures/t7_1_3_main_figures/figure3_v4_results.pdf Graphic file (type 
pdf)
<use ../figures/t7_1_3_main_figures/figure3_v4_results.pdf>
 [12]
File: ../figures/t7_1_3_main_figures/figure4_preboard_evidence.pdf Graphic file
 (type pdf)
<use ../figures/t7_1_3_main_figures/figure4_preboard_evidence.pdf>
 [13] [14] [15]
File: ../figures/route_a_manuscript_20260720/v5_headroom_early_stop.pdf Graphic
 file (type pdf)
<use ../figures/route_a_manuscript_20260720/v5_headroom_early_stop.pdf>
 [16]
File: ../figures/ppt_summary_20260716/effective_fidelity_lifetime_cn.pdf Graphi
c file (type pdf)
<use ../figures/ppt_summary_20260716/effective_fidelity_lifetime_cn.pdf>
 [17]
File: ../figures/route_a_manuscript_20260720/auxiliary_matched_evidence.pdf Gra
phic file (type pdf)
<use ../figures/route_a_manuscript_20260720/auxiliary_matched_evidence.pdf>
File: ../figures/t6_19_3_secondary_comparison_atlas.pdf Graphic file (type pdf)

<use ../figures/t6_19_3_secondary_comparison_atlas.pdf>

[18] [19] [20] [21]
Underfull \hbox (badness 10000) in paragraph at lines 928--928
[]|\TU/lmr/m/n/10 Terminal NO-GO; restricted
 []


Underfull \hbox (badness 10000) in paragraph at lines 928--928
[]|\TU/lmr/m/n/10 Terminal $[][] [] [][] [] [][] [] [][][][][] [] [][][][][][][
][] []
 []


Underfull \hbox (badness 10000) in paragraph at lines 928--928
[]|\TU/lmr/m/n/10 Terminal $[][][][] [] [][][] [] [][][][][][][][][][] []
 []


Underfull \hbox (badness 6876) in paragraph at lines 928--928
[][][][][][][][][]$\TU/lmr/m/n/10 : 206 cells, 24/24 gates
 []


Underfull \hbox (badness 1521) in paragraph at lines 928--928
[]|\TU/lmr/m/n/10 Allows within-lane secondary reporting
 []


Underfull \hbox (badness 10000) in paragraph at lines 928--928
[]|\TU/lmr/m/n/10 Terminal $[][][][] [] [][][][][][][][][][] [] [][][][][][][][
] []
 []


Underfull \hbox (badness 7777) in paragraph at lines 928--928
[]|\TU/lmr/m/n/10 Freezes title/abstract/results/conclusion
 []


Underfull \hbox (badness 10000) in paragraph at lines 928--928
[]|\TU/lmr/m/n/10 Terminal $[][][][] [] [][][][] [] [][][][][][][] [] [] [] [] 
[]
 []


Underfull \hbox (badness 10000) in paragraph at lines 928--928
[][][][][][][][][][] [] [][][][][][][][] [] [][][][][][][][]$\TU/lmr/m/n/10 : 3
8
 []


Underfull \hbox (badness 1721) in paragraph at lines 928--928
[]|\TU/lmr/m/n/10 Freezes the implemented system/safety
 []


Underfull \hbox (badness 10000) in paragraph at lines 928--928
[]|\TU/lmr/m/n/10 Terminal $[][][][] [] [][][][] [] [][][][][][][] [] [] [] [] 
[]
 []


Underfull \hbox (badness 10000) in paragraph at lines 928--928
[][][][][][][][][][] [] [][][][][][][][] [] [][][][][][][]$\TU/lmr/m/n/10 : 55
 []


Underfull \hbox (badness 10000) in paragraph at lines 928--928
[]|\TU/lmr/m/n/10 Hardware language remains
 []


Underfull \hbox (badness 10000) in paragraph at lines 928--928
\TU/lmr/m/n/10 CXXRTL/synthesis/P&R estimate
 []

[22] [23] [24]
Underfull \hbox (badness 10000) in paragraph at lines 1056--1057
[]|$[][][][] [] [][] [] [] [] [] [] [][][][][] [] [] [] [][][][][] []
 []


Underfull \hbox (badness 10000) in paragraph at lines 1057--1057
[]|\TU/lmr/m/n/10.95 Unified execution
 []


Underfull \hbox (badness 10000) in paragraph at lines 1057--1057
[]|$[][][][] [] [][][][][][][] [] [][][][][][][][][] []
 []


Underfull \hbox (badness 10000) in paragraph at lines 1057--1058
[]|$[][][][] [] [][] [] [] [] [] [] [][][][][][][] [] [][][][][][][][][] []
 []


Underfull \hbox (badness 4660) in paragraph at lines 1058--1058
[]|\TU/lmr/m/n/10.95 Formal preregistra-
 []


Underfull \hbox (badness 10000) in paragraph at lines 1058--1059
[]|$[][][][] [] [][] [] [] [] [] [] [][][][][] [] [] []
 []


Underfull \hbox (badness 1122) in paragraph at lines 1059--1059
[]|\TU/lmr/m/n/10.95 Comparator qualifi-
 []


Underfull \hbox (badness 10000) in paragraph at lines 1059--1059
[]|$[][][][] [] [][][][][][][] [] [][][][][][][][][][] [] [][][][][][] []
 []


Underfull \hbox (badness 10000) in paragraph at lines 1059--1060
[]|$[][][][] [] [][] [] [] [] [] [] [][][][][][][] [] [][][][][][][][][][] []
 []


Underfull \hbox (badness 10000) in paragraph at lines 1060--1060
[]|$[][][][] [] [][][][][][] [] [][][][][] [] [][][][] [] [][][][][][] []
 []


Underfull \hbox (badness 10000) in paragraph at lines 1060--1061
[]|$[][][][] [] [][] [] [] [] [] [] [][][][][][] [] [][][][][] [] [][][][] []
 []


Underfull \hbox (badness 10000) in paragraph at lines 1061--1061
[]|\TU/lmr/m/n/10.95 Posterior/threshold
 []


Underfull \hbox (badness 10000) in paragraph at lines 1061--1061
[]|$[][][][] [] [][][][][] [] [] [] [][][][][][][][][] []
 []


Underfull \hbox (badness 10000) in paragraph at lines 1061--1062
[]|$[][][][] [] [][] [] [] [] [] [] [][][][][] [] [] [] [][][][][][][][][] []
 []


Underfull \hbox (badness 10000) in paragraph at lines 1062--1063
[]|$[][][][] [] [][] [] [] [] [] [] [][][][][][] [] [][][][][][] []
 []


Underfull \hbox (badness 10000) in paragraph at lines 1063--1063
[]|\TU/lmr/m/n/10.95 Abrupt/OOD for-
 []


Underfull \hbox (badness 10000) in paragraph at lines 1063--1064
[]|$[][][][] [] [][] [] [] [] [] [] [][][][][][] [] [][][] [] [][][][] []
 []


Underfull \hbox (badness 10000) in paragraph at lines 1063--1064
[][][][][][] [] [][][][][][] [] [][][][]$ \TU/lmr/m/n/10.95 and 686,104-
 []


Underfull \hbox (badness 10000) in paragraph at lines 1064--1064
[]|$[][][][] [] [][][][][] [] [] [] [][][][][][][][][][] [] [][][] []
 []


Underfull \hbox (badness 10000) in paragraph at lines 1064--1065
[]|$[][][][] [] [][] [] [] [] [] [] [][][][][] [] [] [] [][][][][][][][][][] []

 []


Underfull \hbox (badness 7362) in paragraph at lines 1064--1065
[][][] [] [][][][][][][][][][][][][] [] [][][][]$ \TU/lmr/m/n/10.95 and raw
 []


Underfull \hbox (badness 6708) in paragraph at lines 1065--1065
[]|\TU/lmr/m/n/10.95 V4 final evidence
 []


Underfull \hbox (badness 10000) in paragraph at lines 1065--1065
[]|$[][][][] [] [][][][][] [] [] [] [][][][][] [] [][][][][][][][] []
 []


Underfull \hbox (badness 10000) in paragraph at lines 1065--1066
[]|$[][][][] [] [][] [] [] [] [] [] [][][][][] [] [] [] [][][][][] []
 []


Underfull \hbox (badness 10000) in paragraph at lines 1065--1066
[][][][][][][][] [] [][][][] [] [][][][]$ \TU/lmr/m/n/10.95 and source-
 []


Underfull \hbox (badness 10000) in paragraph at lines 1066--1066
[]|$[][][][] [] [][][][][] [] [] [] [][][][][][] [] [][][][][][][][] []
 []


Underfull \hbox (badness 10000) in paragraph at lines 1066--1066
[][]$\TU/lmr/m/n/10.95 ; $[][][][] [] [][][][][] [] [] [] [][] [] [][][][][] []

 []


Underfull \hbox (badness 10000) in paragraph at lines 1066--1067
[]|$[][][][] [] [][] [] [][] [] [] [] [][][][][][] [] [][][][][][][][] []
 []


Underfull \hbox (badness 10000) in paragraph at lines 1066--1067
[][][][]$\TU/lmr/m/n/10.95 ; $[][][][] [] [][] [] [][] [] [] [] [][][][][] [] [
] [] [][] []
 []


Underfull \hbox (badness 10000) in paragraph at lines 1067--1067
[]|$[][][][] [] [][][] [] [][][][] [] [][] [] [][] []
 []


Underfull \hbox (badness 10000) in paragraph at lines 1067--1068
[]|$[][][][] [] [][] [] [][] [] [] [] [][][] [] [][][][] [] [][] [] [][] []
 []


Underfull \hbox (badness 10000) in paragraph at lines 1068--1068
[]|$[][][][] [] [][][][][][][][][] [] [][][][][][][][][] []
 []


Underfull \hbox (badness 10000) in paragraph at lines 1068--1069
[]|$[][][][] [] [][] [] [][] [] [] [] [][][][][][][][][] []
 []


Underfull \hbox (badness 10000) in paragraph at lines 1068--1069
[][][][][][][][][] [] [][][][][][][][] [] [][][] [] [][][][]$
 []


Underfull \hbox (badness 10000) in paragraph at lines 1069--1069
[]|\TU/lmr/m/n/10.95 Current pre-board
 []


Underfull \hbox (badness 10000) in paragraph at lines 1069--1069
[]|$[][][][] [] [][][][][][][] [] [][][][][][][][] [] [][][][][][][][] []
 []


Underfull \hbox (badness 10000) in paragraph at lines 1069--1070
[]|$[][][][] [] [][] [] [][] [] [] [] [][][][][][][] [] [][][][][][][][] []
 []


Underfull \hbox (badness 10000) in paragraph at lines 1070--1070
[]|$[][][][] [] [][][][][][][][] [] [][][][] [] [][][][][][][] []
 []


Underfull \hbox (badness 10000) in paragraph at lines 1070--1071
[]|$[][][][] [] [][] [] [][] [] [] [] [][][][][][][][] [] [][][][] []
 []


Underfull \hbox (badness 10000) in paragraph at lines 1071--1071
[]|$[][][][] [] [][][][][][][][][] [] [][][][][][][][][][] []
 []


Underfull \hbox (badness 10000) in paragraph at lines 1071--1072
[]|$[][][][] [] [][] [] [][] [] [] [] [][][][][][][][][] [] [][][][][][][][] []

 []


Underfull \hbox (badness 10000) in paragraph at lines 1072--1072
[]|\TU/lmr/m/n/10.95 Paper-level claim
 []


Underfull \hbox (badness 10000) in paragraph at lines 1072--1072
[]|$[][][][] [] [][][][][] [] [][][][][][][][] [] [][][][][][][][] []
 []


Underfull \hbox (badness 10000) in paragraph at lines 1072--1073
[]|$[][][][] [] [][] [] [] [] [] [] [][][][][] [] [][][][][][][][] []
 []


Underfull \hbox (badness 10000) in paragraph at lines 1073--1073
[]|$[][][][] [] [][][][] [] [][][][][][][] [] [] [] [] [] [][][][][][][][] []
 []


Underfull \hbox (badness 10000) in paragraph at lines 1073--1074
[]|$[][][][] [] [][] [] [] [] [] [] [][][][] [] [][][][][][] []
 []


Underfull \hbox (badness 10000) in paragraph at lines 1073--1074
[][][][][][][][] [] [][][][]$\TU/lmr/m/n/10.95 , 38-row Source
 []


Underfull \hbox (badness 10000) in paragraph at lines 1074--1074
[]|$[][][][] [] [][][][] [] [][][][][][][] [] [] [] [] [] [][][][][][][][] []
 []


Underfull \hbox (badness 10000) in paragraph at lines 1074--1075
[]|$[][][][] [] [][] [] [] [] [] [] [][][][] [] [][][][][][] [] [][][][][][] []

 []


Underfull \hbox (badness 10000) in paragraph at lines 1075--1075
[]|$[][][][] [] [][][][][] [] [][][][][][][][][] [] [][][][][] []
 []


Underfull \hbox (badness 10000) in paragraph at lines 1075--1076
[]|$[][][][] [] [][] [] [][][][][][][][][] [] [][][] [] [][][][][][] []
 []


Underfull \hbox (badness 10000) in paragraph at lines 1075--1076
[][][][][][][][] [] [][][][][][][][][][][][] [] [][][][][][][][] []
 []


Underfull \hbox (badness 10000) in paragraph at lines 1076--1077
[]|$[][][][] [] [][] [] [] [] [] [] [][][][][][] [] [][][][][][] []
 []


Underfull \hbox (badness 10000) in paragraph at lines 1077--1077
[]|$[][][][] [] [][][][][][][][][] [] [][][][][][][][] []
 []


Underfull \hbox (badness 10000) in paragraph at lines 1077--1078
[]|$[][][][] [] [][] [] [] [] [] [] [][][][][][][][][] [] [][][][][][][][] []
 []


Underfull \hbox (badness 10000) in paragraph at lines 1078--1079
[]|$[][][][] [] [][] [] [] [] [] [] [][][][] [] [][][] []
 []


Underfull \hbox (badness 1527) in paragraph at lines 1079--1079
[]|\TU/lmr/m/n/10.95 Dual-loop presenta-
 []


Underfull \hbox (badness 10000) in paragraph at lines 1079--1079
[]|$[][][][] [] [][][][][][][] [] [][][] [] [][][][][][][] []
 []


Underfull \hbox (badness 10000) in paragraph at lines 1079--1079
[][][][][][][][] [] [][][][][] [] [][][][][][][][] []
 []


Underfull \hbox (badness 10000) in paragraph at lines 1079--1080
[]|$[][][][] [] [][][][][][][] [] [][][][] [] [][][] [] [][][][][][][] []
 []


Underfull \hbox (badness 10000) in paragraph at lines 1080--1080
[]|\TU/lmr/m/n/10.95 Teacher–student
 []


Underfull \hbox (badness 10000) in paragraph at lines 1080--1080
[]|$[][][][] [] [][][][][][][] [] [][][] [] [][][][][][][] []
 []


Underfull \hbox (badness 10000) in paragraph at lines 1080--1080
[][][][][][][][] [] [][][][][][][][][] [] [][][][][][][][] []
 []


Underfull \hbox (badness 10000) in paragraph at lines 1080--1081
[]|$[][][][] [] [][] [] [] [] [] [] [][][][][][][] [] [][][][][][][] []
 []


Underfull \hbox (badness 10000) in paragraph at lines 1080--1081
[][][][] [] [][][][][][][][][] [] [][][][][][] [] [][][][] [] [][][]$
 []


Underfull \hbox (badness 10000) in paragraph at lines 1081--1081
[]|\TU/lmr/m/n/10.95 Evidence-bounded
 []


Underfull \hbox (badness 10000) in paragraph at lines 1081--1081
[]|$[][][][] [] [][][][][][][] [] [][][][][] [] [] []
 []


Underfull \hbox (badness 1622) in paragraph at lines 1082--1082
[]|\TU/lmr/m/n/10.95 Auxiliary atlas fig-
 []


Underfull \hbox (badness 10000) in paragraph at lines 1082--1082
[]|$[][][][] [] [][][][][][][] [] [][] [] [][] [] [] [] [][][][][][][][][] []
 []

[25] [26] [27]
(D:/Codes/Quantum/DriftAdaptiveQEC/output/pdf/contract_note_t7_1_3/Contract_Cen
tric_Regime_Aware_GKP_note_draft.aux)
 ***********
LaTeX2e <2023-11-01> patch level 1
L3 programming layer <2024-02-20>
 ***********
Package rerunfilecheck Info: File `Contract_Centric_Regime_Aware_GKP_note_draft
.out' has not changed.
(rerunfilecheck)             Checksum: 1FA9BF9BD0AE77BD69D29D84DC341DC8;7280.
 ) 
Here is how much of TeX's memory you used:
 13971 strings out of 474773
 230573 string characters out of 5761289
 1984842 words of memory out of 5000000
 35905 multiletter control sequences out of 15000+600000
 568026 words of font info for 95 fonts, out of 8000000 for 9000
 1348 hyphenation exceptions out of 8191
 72i,13n,79p,1092b,496s stack positions out of 10000i,1000n,20000p,200000b,200000s

Output written on D:/Codes/Quantum/DriftAdaptiveQEC/output/pdf/contract_note_t7
_1_3/Contract_Centric_Regime_Aware_GKP_note_draft.xdv (27 pages, 671696 bytes).

