This is pdfTeX, Version 3.141592653-2.6-1.40.26 (TeX Live 2024) (preloaded format=pdflatex 2025.7.11)  20 JUL 2026 14:02
entering extended mode
 restricted \write18 enabled.
 %&-line parsing enabled.
**D:/Codes/Quantum/DriftAdaptiveQEC/docs/paper_notes/Contract_Centric_Regime_Aw
are_GKP_note_draft.tex

(d:/Codes/Quantum/DriftAdaptiveQEC/docs/paper_notes/Contract_Centric_Regime_Awa
re_GKP_note_draft.tex
LaTeX2e <2023-11-01> patch level 1
L3 programming layer <2024-02-20>
(c:/texlive/2024/texmf-dist/tex/latex/base/article.cls
Document Class: article 2023/05/17 v1.4n Standard LaTeX document class
(c:/texlive/2024/texmf-dist/tex/latex/base/size11.clo
File: size11.clo 2023/05/17 v1.4n Standard LaTeX file (size option)
)
\c@part=\count188
\c@section=\count189
\c@subsection=\count190
\c@subsubsection=\count191
\c@paragraph=\count192
\c@subparagraph=\count193
\c@figure=\count194
\c@table=\count195
\abovecaptionskip=\skip48
\belowcaptionskip=\skip49
\bibindent=\dimen140
)
(c:/texlive/2024/texmf-dist/tex/latex/geometry/geometry.sty
Package: geometry 2020/01/02 v5.9 Page Geometry

(c:/texlive/2024/texmf-dist/tex/latex/graphics/keyval.sty
Package: keyval 2022/05/29 v1.15 key=value parser (DPC)
\KV@toks@=\toks17
)
(c:/texlive/2024/texmf-dist/tex/generic/iftex/ifvtex.sty
Package: ifvtex 2019/10/25 v1.7 ifvtex legacy package. Use iftex instead.

(c:/texlive/2024/texmf-dist/tex/generic/iftex/iftex.sty
Package: iftex 2022/02/03 v1.0f TeX engine tests
))
\Gm@cnth=\count196
\Gm@cntv=\count197
\c@Gm@tempcnt=\count198
\Gm@bindingoffset=\dimen141
\Gm@wd@mp=\dimen142
\Gm@odd@mp=\dimen143
\Gm@even@mp=\dimen144
\Gm@layoutwidth=\dimen145
\Gm@layoutheight=\dimen146
\Gm@layouthoffset=\dimen147
\Gm@layoutvoffset=\dimen148
\Gm@dimlist=\toks18
)
(c:/texlive/2024/texmf-dist/tex/latex/amsmath/amsmath.sty
Package: amsmath 2023/05/13 v2.17o AMS math features
\@mathmargin=\skip50

For additional information on amsmath, use the `?' option.
(c:/texlive/2024/texmf-dist/tex/latex/amsmath/amstext.sty
Package: amstext 2021/08/26 v2.01 AMS text

(c:/texlive/2024/texmf-dist/tex/latex/amsmath/amsgen.sty
File: amsgen.sty 1999/11/30 v2.0 generic functions
\@emptytoks=\toks19
\ex@=\dimen149
))
(c:/texlive/2024/texmf-dist/tex/latex/amsmath/amsbsy.sty
Package: amsbsy 1999/11/29 v1.2d Bold Symbols
\pmbraise@=\dimen150
)
(c:/texlive/2024/texmf-dist/tex/latex/amsmath/amsopn.sty
Package: amsopn 2022/04/08 v2.04 operator names
)
\inf@bad=\count199
LaTeX Info: Redefining \frac on input line 234.
\uproot@=\count266
\leftroot@=\count267
LaTeX Info: Redefining \overline on input line 399.
LaTeX Info: Redefining \colon on input line 410.
\classnum@=\count268
\DOTSCASE@=\count269
LaTeX Info: Redefining \ldots on input line 496.
LaTeX Info: Redefining \dots on input line 499.
LaTeX Info: Redefining \cdots on input line 620.
\Mathstrutbox@=\box51
\strutbox@=\box52
LaTeX Info: Redefining \big on input line 722.
LaTeX Info: Redefining \Big on input line 723.
LaTeX Info: Redefining \bigg on input line 724.
LaTeX Info: Redefining \Bigg on input line 725.
\big@size=\dimen151
LaTeX Font Info:    Redeclaring font encoding OML on input line 743.
LaTeX Font Info:    Redeclaring font encoding OMS on input line 744.
\macc@depth=\count270
LaTeX Info: Redefining \bmod on input line 905.
LaTeX Info: Redefining \pmod on input line 910.
LaTeX Info: Redefining \smash on input line 940.
LaTeX Info: Redefining \relbar on input line 970.
LaTeX Info: Redefining \Relbar on input line 971.
\c@MaxMatrixCols=\count271
\dotsspace@=\muskip16
\c@parentequation=\count272
\dspbrk@lvl=\count273
\tag@help=\toks20
\row@=\count274
\column@=\count275
\maxfields@=\count276
\andhelp@=\toks21
\eqnshift@=\dimen152
\alignsep@=\dimen153
\tagshift@=\dimen154
\tagwidth@=\dimen155
\totwidth@=\dimen156
\lineht@=\dimen157
\@envbody=\toks22
\multlinegap=\skip51
\multlinetaggap=\skip52
\mathdisplay@stack=\toks23
LaTeX Info: Redefining \[ on input line 2953.
LaTeX Info: Redefining \] on input line 2954.
)
(c:/texlive/2024/texmf-dist/tex/latex/amsfonts/amssymb.sty
Package: amssymb 2013/01/14 v3.01 AMS font symbols

(c:/texlive/2024/texmf-dist/tex/latex/amsfonts/amsfonts.sty
Package: amsfonts 2013/01/14 v3.01 Basic AMSFonts support
\symAMSa=\mathgroup4
\symAMSb=\mathgroup5
LaTeX Font Info:    Redeclaring math symbol \hbar on input line 98.
LaTeX Font Info:    Overwriting math alphabet `\mathfrak' in version `bold'
(Font)                  U/euf/m/n --> U/euf/b/n on input line 106.
))
(c:/texlive/2024/texmf-dist/tex/latex/tools/array.sty
Package: array 2023/10/16 v2.5g Tabular extension package (FMi)
\col@sep=\dimen158
\ar@mcellbox=\box53
\extrarowheight=\dimen159
\NC@list=\toks24
\extratabsurround=\skip53
\backup@length=\skip54
\ar@cellbox=\box54
)
(c:/texlive/2024/texmf-dist/tex/latex/booktabs/booktabs.sty
Package: booktabs 2020/01/12 v1.61803398 Publication quality tables
\heavyrulewidth=\dimen160
\lightrulewidth=\dimen161
\cmidrulewidth=\dimen162
\belowrulesep=\dimen163
\belowbottomsep=\dimen164
\aboverulesep=\dimen165
\abovetopsep=\dimen166
\cmidrulesep=\dimen167
\cmidrulekern=\dimen168
\defaultaddspace=\dimen169
\@cmidla=\count277
\@cmidlb=\count278
\@aboverulesep=\dimen170
\@belowrulesep=\dimen171
\@thisruleclass=\count279
\@lastruleclass=\count280
\@thisrulewidth=\dimen172
)
(c:/texlive/2024/texmf-dist/tex/latex/graphics/graphicx.sty
Package: graphicx 2021/09/16 v1.2d Enhanced LaTeX Graphics (DPC,SPQR)

(c:/texlive/2024/texmf-dist/tex/latex/graphics/graphics.sty
Package: graphics 2022/03/10 v1.4e Standard LaTeX Graphics (DPC,SPQR)

(c:/texlive/2024/texmf-dist/tex/latex/graphics/trig.sty
Package: trig 2021/08/11 v1.11 sin cos tan (DPC)
)
(c:/texlive/2024/texmf-dist/tex/latex/graphics-cfg/graphics.cfg
File: graphics.cfg 2016/06/04 v1.11 sample graphics configuration
)
Package graphics Info: Driver file: pdftex.def on input line 107.

(c:/texlive/2024/texmf-dist/tex/latex/graphics-def/pdftex.def
File: pdftex.def 2022/09/22 v1.2b Graphics/color driver for pdftex
))
\Gin@req@height=\dimen173
\Gin@req@width=\dimen174
)
(c:/texlive/2024/texmf-dist/tex/latex/tools/longtable.sty
Package: longtable 2023-11-01 v4.19 Multi-page Table package (DPC)
\LTleft=\skip55
\LTright=\skip56
\LTpre=\skip57
\LTpost=\skip58
\LTchunksize=\count281
\LTcapwidth=\dimen175
\LT@head=\box55
\LT@firsthead=\box56
\LT@foot=\box57
\LT@lastfoot=\box58
\LT@gbox=\box59
\LT@cols=\count282
\LT@rows=\count283
\c@LT@tables=\count284
\c@LT@chunks=\count285
\LT@p@ftn=\toks25
)
(c:/texlive/2024/texmf-dist/tex/latex/tools/tabularx.sty
Package: tabularx 2023/07/08 v2.11c `tabularx' package (DPC)
\TX@col@width=\dimen176
\TX@old@table=\dimen177
\TX@old@col=\dimen178
\TX@target=\dimen179
\TX@delta=\dimen180
\TX@cols=\count286
\TX@ftn=\toks26
)
(c:/texlive/2024/texmf-dist/tex/latex/xcolor/xcolor.sty
Package: xcolor 2023/11/15 v3.01 LaTeX color extensions (UK)

(c:/texlive/2024/texmf-dist/tex/latex/graphics-cfg/color.cfg
File: color.cfg 2016/01/02 v1.6 sample color configuration
)
Package xcolor Info: Driver file: pdftex.def on input line 274.

(c:/texlive/2024/texmf-dist/tex/latex/graphics/mathcolor.ltx)
Package xcolor Info: Model `cmy' substituted by `cmy0' on input line 1350.
Package xcolor Info: Model `hsb' substituted by `rgb' on input line 1354.
Package xcolor Info: Model `RGB' extended on input line 1366.
Package xcolor Info: Model `HTML' substituted by `rgb' on input line 1368.
Package xcolor Info: Model `Hsb' substituted by `hsb' on input line 1369.
Package xcolor Info: Model `tHsb' substituted by `hsb' on input line 1370.
Package xcolor Info: Model `HSB' substituted by `hsb' on input line 1371.
Package xcolor Info: Model `Gray' substituted by `gray' on input line 1372.
Package xcolor Info: Model `wave' substituted by `hsb' on input line 1373.
)
(c:/texlive/2024/texmf-dist/tex/latex/hyperref/hyperref.sty
Package: hyperref 2024-01-20 v7.01h Hypertext links for LaTeX

(c:/texlive/2024/texmf-dist/tex/latex/kvsetkeys/kvsetkeys.sty
Package: kvsetkeys 2022-10-05 v1.19 Key value parser (HO)
)
(c:/texlive/2024/texmf-dist/tex/generic/kvdefinekeys/kvdefinekeys.sty
Package: kvdefinekeys 2019-12-19 v1.6 Define keys (HO)
)
(c:/texlive/2024/texmf-dist/tex/generic/pdfescape/pdfescape.sty
Package: pdfescape 2019/12/09 v1.15 Implements pdfTeX's escape features (HO)

(c:/texlive/2024/texmf-dist/tex/generic/ltxcmds/ltxcmds.sty
Package: ltxcmds 2023-12-04 v1.26 LaTeX kernel commands for general use (HO)
)
(c:/texlive/2024/texmf-dist/tex/generic/pdftexcmds/pdftexcmds.sty
Package: pdftexcmds 2020-06-27 v0.33 Utility functions of pdfTeX for LuaTeX (HO
)

(c:/texlive/2024/texmf-dist/tex/generic/infwarerr/infwarerr.sty
Package: infwarerr 2019/12/03 v1.5 Providing info/warning/error messages (HO)
)
Package pdftexcmds Info: \pdf@primitive is available.
Package pdftexcmds Info: \pdf@ifprimitive is available.
Package pdftexcmds Info: \pdfdraftmode found.
))
(c:/texlive/2024/texmf-dist/tex/latex/hycolor/hycolor.sty
Package: hycolor 2020-01-27 v1.10 Color options for hyperref/bookmark (HO)
)
(c:/texlive/2024/texmf-dist/tex/latex/auxhook/auxhook.sty
Package: auxhook 2019-12-17 v1.6 Hooks for auxiliary files (HO)
)
(c:/texlive/2024/texmf-dist/tex/latex/hyperref/nameref.sty
Package: nameref 2023-11-26 v2.56 Cross-referencing by name of section

(c:/texlive/2024/texmf-dist/tex/latex/refcount/refcount.sty
Package: refcount 2019/12/15 v3.6 Data extraction from label references (HO)
)
(c:/texlive/2024/texmf-dist/tex/generic/gettitlestring/gettitlestring.sty
Package: gettitlestring 2019/12/15 v1.6 Cleanup title references (HO)

(c:/texlive/2024/texmf-dist/tex/latex/kvoptions/kvoptions.sty
Package: kvoptions 2022-06-15 v3.15 Key value format for package options (HO)
))
\c@section@level=\count287
)
(c:/texlive/2024/texmf-dist/tex/latex/etoolbox/etoolbox.sty
Package: etoolbox 2020/10/05 v2.5k e-TeX tools for LaTeX (JAW)
\etb@tempcnta=\count288
)
\@linkdim=\dimen181
\Hy@linkcounter=\count289
\Hy@pagecounter=\count290

(c:/texlive/2024/texmf-dist/tex/latex/hyperref/pd1enc.def
File: pd1enc.def 2024-01-20 v7.01h Hyperref: PDFDocEncoding definition (HO)
Now handling font encoding PD1 ...
... no UTF-8 mapping file for font encoding PD1
)
(c:/texlive/2024/texmf-dist/tex/generic/intcalc/intcalc.sty
Package: intcalc 2019/12/15 v1.3 Expandable calculations with integers (HO)
)
\Hy@SavedSpaceFactor=\count291

(c:/texlive/2024/texmf-dist/tex/latex/hyperref/puenc.def
File: puenc.def 2024-01-20 v7.01h Hyperref: PDF Unicode definition (HO)
Now handling font encoding PU ...
... no UTF-8 mapping file for font encoding PU
)
Package hyperref Info: Hyper figures OFF on input line 4179.
Package hyperref Info: Link nesting OFF on input line 4184.
Package hyperref Info: Hyper index ON on input line 4187.
Package hyperref Info: Plain pages OFF on input line 4194.
Package hyperref Info: Backreferencing OFF on input line 4199.
Package hyperref Info: Implicit mode ON; LaTeX internals redefined.
Package hyperref Info: Bookmarks ON on input line 4446.
\c@Hy@tempcnt=\count292

(c:/texlive/2024/texmf-dist/tex/latex/url/url.sty
\Urlmuskip=\muskip17
Package: url 2013/09/16  ver 3.4  Verb mode for urls, etc.
)
LaTeX Info: Redefining \url on input line 4784.
\XeTeXLinkMargin=\dimen182

(c:/texlive/2024/texmf-dist/tex/generic/bitset/bitset.sty
Package: bitset 2019/12/09 v1.3 Handle bit-vector datatype (HO)

(c:/texlive/2024/texmf-dist/tex/generic/bigintcalc/bigintcalc.sty
Package: bigintcalc 2019/12/15 v1.5 Expandable calculations on big integers (HO
)
))
\Fld@menulength=\count293
\Field@Width=\dimen183
\Fld@charsize=\dimen184
Package hyperref Info: Hyper figures OFF on input line 6063.
Package hyperref Info: Link nesting OFF on input line 6068.
Package hyperref Info: Hyper index ON on input line 6071.
Package hyperref Info: backreferencing OFF on input line 6078.
Package hyperref Info: Link coloring OFF on input line 6083.
Package hyperref Info: Link coloring with OCG OFF on input line 6088.
Package hyperref Info: PDF/A mode OFF on input line 6093.

(c:/texlive/2024/texmf-dist/tex/latex/base/atbegshi-ltx.sty
Package: atbegshi-ltx 2021/01/10 v1.0c Emulation of the original atbegshi
package with kernel methods
)
\Hy@abspage=\count294
\c@Item=\count295
\c@Hfootnote=\count296
)
Package hyperref Info: Driver (autodetected): hpdftex.

(c:/texlive/2024/texmf-dist/tex/latex/hyperref/hpdftex.def
File: hpdftex.def 2024-01-20 v7.01h Hyperref driver for pdfTeX

(c:/texlive/2024/texmf-dist/tex/latex/base/atveryend-ltx.sty
Package: atveryend-ltx 2020/08/19 v1.0a Emulation of the original atveryend pac
kage
with kernel methods
)
\Fld@listcount=\count297
\c@bookmark@seq@number=\count298

(c:/texlive/2024/texmf-dist/tex/latex/rerunfilecheck/rerunfilecheck.sty
Package: rerunfilecheck 2022-07-10 v1.10 Rerun checks for auxiliary files (HO)

(c:/texlive/2024/texmf-dist/tex/generic/uniquecounter/uniquecounter.sty
Package: uniquecounter 2019/12/15 v1.4 Provide unlimited unique counter (HO)
)
Package uniquecounter Info: New unique counter `rerunfilecheck' on input line 2
85.
)
\Hy@SectionHShift=\skip59
)
(c:/texlive/2024/texmf-dist/tex/latex/microtype/microtype.sty
Package: microtype 2023/03/13 v3.1a Micro-typographical refinements (RS)
\MT@toks=\toks27
\MT@tempbox=\box60
\MT@count=\count299
LaTeX Info: Redefining \noprotrusionifhmode on input line 1059.
LaTeX Info: Redefining \leftprotrusion on input line 1060.
\MT@prot@toks=\toks28
LaTeX Info: Redefining \rightprotrusion on input line 1078.
LaTeX Info: Redefining \textls on input line 1368.
\MT@outer@kern=\dimen185
LaTeX Info: Redefining \textmicrotypecontext on input line 1988.
\MT@listname@count=\count300

(c:/texlive/2024/texmf-dist/tex/latex/microtype/microtype-pdftex.def
File: microtype-pdftex.def 2023/03/13 v3.1a Definitions specific to pdftex (RS)

LaTeX Info: Redefining \lsstyle on input line 902.
LaTeX Info: Redefining \lslig on input line 902.
\MT@outer@space=\skip60
)
Package microtype Info: Loading configuration file microtype.cfg.

(c:/texlive/2024/texmf-dist/tex/latex/microtype/microtype.cfg
File: microtype.cfg 2023/03/13 v3.1a microtype main configuration file (RS)
))
Package hyperref Info: Option `colorlinks' set `true' on input line 14.

(c:/texlive/2024/texmf-dist/tex/latex/l3backend/l3backend-pdftex.def
File: l3backend-pdftex.def 2024-02-20 L3 backend support: PDF output (pdfTeX)
\l__color_backend_stack_int=\count301
\l__pdf_internal_box=\box61
)
(D:/Codes/Quantum/DriftAdaptiveQEC/output/pdf/contract_note/Contract_Centric_Re
gime_Aware_GKP_note_draft.aux)
\openout1 = `Contract_Centric_Regime_Aware_GKP_note_draft.aux'.

LaTeX Font Info:    Checking defaults for OML/cmm/m/it on input line 31.
LaTeX Font Info:    ... okay on input line 31.
LaTeX Font Info:    Checking defaults for OMS/cmsy/m/n on input line 31.
LaTeX Font Info:    ... okay on input line 31.
LaTeX Font Info:    Checking defaults for OT1/cmr/m/n on input line 31.
LaTeX Font Info:    ... okay on input line 31.
LaTeX Font Info:    Checking defaults for T1/cmr/m/n on input line 31.
LaTeX Font Info:    ... okay on input line 31.
LaTeX Font Info:    Checking defaults for TS1/cmr/m/n on input line 31.
LaTeX Font Info:    ... okay on input line 31.
LaTeX Font Info:    Checking defaults for OMX/cmex/m/n on input line 31.
LaTeX Font Info:    ... okay on input line 31.
LaTeX Font Info:    Checking defaults for U/cmr/m/n on input line 31.
LaTeX Font Info:    ... okay on input line 31.
LaTeX Font Info:    Checking defaults for PD1/pdf/m/n on input line 31.
LaTeX Font Info:    ... okay on input line 31.
LaTeX Font Info:    Checking defaults for PU/pdf/m/n on input line 31.
LaTeX Font Info:    ... okay on input line 31.

*geometry* driver: auto-detecting
*geometry* detected driver: pdftex
*geometry* verbose mode - [ preamble ] result:
* driver: pdftex
* paper: <default>
* layout: <same size as paper>
* layoutoffset:(h,v)=(0.0pt,0.0pt)
* modes: 
* h-part:(L,W,R)=(52.03448pt, 510.22603pt, 52.03448pt)
* v-part:(T,H,B)=(52.03448pt, 690.90102pt, 52.03448pt)
* \paperwidth=614.295pt
* \paperheight=794.96999pt
* \textwidth=510.22603pt
* \textheight=690.90102pt
* \oddsidemargin=-20.2355pt
* \evensidemargin=-20.2355pt
* \topmargin=-57.2355pt
* \headheight=12.0pt
* \headsep=25.0pt
* \topskip=11.0pt
* \footskip=30.0pt
* \marginparwidth=59.0pt
* \marginparsep=10.0pt
* \columnsep=10.0pt
* \skip\footins=10.0pt plus 4.0pt minus 2.0pt
* \hoffset=0.0pt
* \voffset=0.0pt
* \mag=1000
* \@twocolumnfalse
* \@twosidefalse
* \@mparswitchfalse
* \@reversemarginfalse
* (1in=72.27pt=25.4mm, 1cm=28.453pt)

(c:/texlive/2024/texmf-dist/tex/context/base/mkii/supp-pdf.mkii
[Loading MPS to PDF converter (version 2006.09.02).]
\scratchcounter=\count302
\scratchdimen=\dimen186
\scratchbox=\box62
\nofMPsegments=\count303
\nofMParguments=\count304
\everyMPshowfont=\toks29
\MPscratchCnt=\count305
\MPscratchDim=\dimen187
\MPnumerator=\count306
\makeMPintoPDFobject=\count307
\everyMPtoPDFconversion=\toks30
) (c:/texlive/2024/texmf-dist/tex/latex/epstopdf-pkg/epstopdf-base.sty
Package: epstopdf-base 2020-01-24 v2.11 Base part for package epstopdf
Package epstopdf-base Info: Redefining graphics rule for `.eps' on input line 4
85.

(c:/texlive/2024/texmf-dist/tex/latex/latexconfig/epstopdf-sys.cfg
File: epstopdf-sys.cfg 2010/07/13 v1.3 Configuration of (r)epstopdf for TeX Liv
e
))
Package hyperref Info: Link coloring ON on input line 31.

(D:/Codes/Quantum/DriftAdaptiveQEC/output/pdf/contract_note/Contract_Centric_Re
gime_Aware_GKP_note_draft.out)
(D:/Codes/Quantum/DriftAdaptiveQEC/output/pdf/contract_note/Contract_Centric_Re
gime_Aware_GKP_note_draft.out)
\@outlinefile=\write3
\openout3 = `Contract_Centric_Regime_Aware_GKP_note_draft.out'.

LaTeX Info: Redefining \microtypecontext on input line 31.
Package microtype Info: Applying patch `item' on input line 31.
Package microtype Info: Applying patch `toc' on input line 31.
Package microtype Info: Applying patch `eqnum' on input line 31.
Package microtype Info: Applying patch `footnote' on input line 31.
Package microtype Info: Applying patch `verbatim' on input line 31.
Package microtype Info: Generating PDF output.
Package microtype Info: Character protrusion enabled (level 2).
Package microtype Info: Using default protrusion set `alltext'.
Package microtype Info: Automatic font expansion enabled (level 2),
(microtype)             stretch: 20, shrink: 20, step: 1, non-selected.
Package microtype Info: Using default expansion set `alltext-nott'.
LaTeX Info: Redefining \showhyphens on input line 31.
Package microtype Info: No adjustment of tracking.
Package microtype Info: No adjustment of interword spacing.
Package microtype Info: No adjustment of character kerning.

(c:/texlive/2024/texmf-dist/tex/latex/microtype/mt-cmr.cfg
File: mt-cmr.cfg 2013/05/19 v2.2 microtype config. file: Computer Modern Roman 
(RS)
)
LaTeX Font Info:    Trying to load font information for U+msa on input line 33.


(c:/texlive/2024/texmf-dist/tex/latex/amsfonts/umsa.fd
File: umsa.fd 2013/01/14 v3.01 AMS symbols A
)
(c:/texlive/2024/texmf-dist/tex/latex/microtype/mt-msa.cfg
File: mt-msa.cfg 2006/02/04 v1.1 microtype config. file: AMS symbols (a) (RS)
)
LaTeX Font Info:    Trying to load font information for U+msb on input line 33.


(c:/texlive/2024/texmf-dist/tex/latex/amsfonts/umsb.fd
File: umsb.fd 2013/01/14 v3.01 AMS symbols B
)
(c:/texlive/2024/texmf-dist/tex/latex/microtype/mt-msb.cfg
File: mt-msb.cfg 2005/06/01 v1.0 microtype config. file: AMS symbols (b) (RS)
)
(D:/Codes/Quantum/DriftAdaptiveQEC/output/pdf/contract_note/Contract_Centric_Re
gime_Aware_GKP_note_draft.toc [1

{c:/texlive/2024/texmf-var/fonts/map/pdftex/updmap/pdftex.map}])
\tf@toc=\write4
\openout4 = `Contract_Centric_Regime_Aware_GKP_note_draft.toc'.

Package microtype Info: Loading generic protrusion settings for font family
(microtype)             `cmtt' (encoding: OT1).
(microtype)             For optimal results, create family-specific settings.
(microtype)             See the microtype manual for details.

Underfull \hbox (badness 2134) in paragraph at lines 112--112
[]|\OT1/cmr/m/n/10 (+20) Causal-headroom en-try gate failed and V5 ended
 []

[2] [3]
<../figures/ppt_summary_20260716/drift_adaptive_architecture_cn.pdf, id=202, 75
3.77612pt x 415.11887pt>
File: ../figures/ppt_summary_20260716/drift_adaptive_architecture_cn.pdf Graphi
c file (type pdf)
<use ../figures/ppt_summary_20260716/drift_adaptive_architecture_cn.pdf>
Package pdftex.def Info: ../figures/ppt_summary_20260716/drift_adaptive_archite
cture_cn.pdf  used on input line 207.
(pdftex.def)             Requested size: 510.22603pt x 280.99757pt.
 [4] [5 <../figures/ppt_summary_20260716/drift_adaptive_architecture_cn.pdf>] [
6] [7] [8] [9]
<../figures/route_a_manuscript_20260720/v4_evidence_boundary.pdf, id=264, 525.5
5196pt x 404.3851pt>
File: ../figures/route_a_manuscript_20260720/v4_evidence_boundary.pdf Graphic f
ile (type pdf)
<use ../figures/route_a_manuscript_20260720/v4_evidence_boundary.pdf>
Package pdftex.def Info: ../figures/route_a_manuscript_20260720/v4_evidence_bou
ndary.pdf  used on input line 548.
(pdftex.def)             Requested size: 510.22603pt x 392.60478pt.
 [10] [11 <../figures/route_a_manuscript_20260720/v4_evidence_boundary.pdf>]
<../figures/route_a_manuscript_20260720/v5_headroom_early_stop.pdf, id=309, 537
.55254pt x 366.32835pt>
File: ../figures/route_a_manuscript_20260720/v5_headroom_early_stop.pdf Graphic
 file (type pdf)
<use ../figures/route_a_manuscript_20260720/v5_headroom_early_stop.pdf>
Package pdftex.def Info: ../figures/route_a_manuscript_20260720/v5_headroom_ear
ly_stop.pdf  used on input line 612.
(pdftex.def)             Requested size: 510.22603pt x 347.7137pt.
 [12 <../figures/route_a_manuscript_20260720/v5_headroom_early_stop.pdf>]
<../figures/ppt_summary_20260716/effective_fidelity_lifetime_cn.pdf, id=333, 89
5.75725pt x 501.58568pt>
File: ../figures/ppt_summary_20260716/effective_fidelity_lifetime_cn.pdf Graphi
c file (type pdf)
<use ../figures/ppt_summary_20260716/effective_fidelity_lifetime_cn.pdf>
Package pdftex.def Info: ../figures/ppt_summary_20260716/effective_fidelity_lif
etime_cn.pdf  used on input line 647.
(pdftex.def)             Requested size: 510.22603pt x 285.70015pt.
 [13 <../figures/ppt_summary_20260716/effective_fidelity_lifetime_cn.pdf>]
<../figures/route_a_manuscript_20260720/auxiliary_matched_evidence.pdf, id=364,
 544.43764pt x 387.39142pt>
File: ../figures/route_a_manuscript_20260720/auxiliary_matched_evidence.pdf Gra
phic file (type pdf)
<use ../figures/route_a_manuscript_20260720/auxiliary_matched_evidence.pdf>
Package pdftex.def Info: ../figures/route_a_manuscript_20260720/auxiliary_match
ed_evidence.pdf  used on input line 727.
(pdftex.def)             Requested size: 510.22603pt x 363.06625pt.
<../figures/t6_19_3_secondary_comparison_atlas.pdf, id=365, 528.775pt x 539.615
54pt>
File: ../figures/t6_19_3_secondary_comparison_atlas.pdf Graphic file (type pdf)

<use ../figures/t6_19_3_secondary_comparison_atlas.pdf>
Package pdftex.def Info: ../figures/t6_19_3_secondary_comparison_atlas.pdf  use
d on input line 741.
(pdftex.def)             Requested size: 510.22603pt x 520.70927pt.
 [14] [15 <../figures/route_a_manuscript_20260720/auxiliary_matched_evidence.pd
f>] [16 <../figures/t6_19_3_secondary_comparison_atlas.pdf>] [17]
Underfull \hbox (badness 10000) in paragraph at lines 842--842
[]|\OT1/cmr/m/n/10 (+20) Terminal $\OT1/cmtt/m/n/10 NO _ GO _ V5 _ EARLY _ HEAD
ROOM _
 []


Underfull \hbox (badness 10000) in paragraph at lines 842--842
[]|\OT1/cmr/m/n/10 (+20) Terminal $\OT1/cmtt/m/n/10 PASS _ AUX _ COMPARISON _
 []


Underfull \hbox (badness 5832) in paragraph at lines 842--842
\OT1/cmtt/m/n/10 INTEGRITY$\OT1/cmr/m/n/10 (+20) : 206 cells, 24/24 gates
 []


Underfull \hbox (badness 10000) in paragraph at lines 842--842
[]|\OT1/cmr/m/n/10 (+20) Hardware lan-guage re-mains
 []


Underfull \hbox (badness 10000) in paragraph at lines 842--842
\OT1/cmr/m/n/10 (+20) CXXRTL/synthesis/P&R es-ti-mate
 []

[18] [19]
Underfull \hbox (badness 10000) in paragraph at lines 947--948
[]|$\OT1/cmtt/m/n/10.95 docs / t6 _ 5 _ 1 _ route _ a _ claim _
 []


Underfull \hbox (badness 10000) in paragraph at lines 948--948
[]|\OT1/cmr/m/n/10.95 (+20) Unified ex-e-cu-tion
 []


Underfull \hbox (badness 10000) in paragraph at lines 948--948
[]|$\OT1/cmtt/m/n/10.95 docs / unified _ execution _
 []


Underfull \hbox (badness 10000) in paragraph at lines 948--949
[]|$\OT1/cmtt/m/n/10.95 docs / t6 _ 5 _ 2 _ unified _ execution _
 []


Underfull \hbox (badness 1803) in paragraph at lines 949--949
[]|\OT1/cmr/m/n/10.95 (+20) Formal pre-reg-is-tra-
 []


Underfull \hbox (badness 10000) in paragraph at lines 949--950
[]|$\OT1/cmtt/m/n/10.95 docs / t6 _ 5 _ 3 _ route _ a _
 []


Underfull \hbox (badness 10000) in paragraph at lines 950--950
[]|$\OT1/cmtt/m/n/10.95 docs / unified _ comparator _ runner .
 []


Underfull \hbox (badness 10000) in paragraph at lines 950--951
[]|$\OT1/cmtt/m/n/10.95 docs / t6 _ 6 _ 1 _ unified _ comparator _
 []


Underfull \hbox (badness 10000) in paragraph at lines 951--951
[]|$\OT1/cmtt/m/n/10.95 docs / regime _ aware _ safe _ policy .
 []


Underfull \hbox (badness 10000) in paragraph at lines 951--952
[]|$\OT1/cmtt/m/n/10.95 docs / t6 _ 6 _ 2 _ regime _ aware _ safe _
 []


Underfull \hbox (badness 10000) in paragraph at lines 952--952
[]|\OT1/cmr/m/n/10.95 (+20) Posterior/threshold
 []


Underfull \hbox (badness 10000) in paragraph at lines 952--952
[]|$\OT1/cmtt/m/n/10.95 docs / route _ a _ posterior _
 []


Underfull \hbox (badness 10000) in paragraph at lines 952--953
[]|$\OT1/cmtt/m/n/10.95 docs / t6 _ 6 _ 3 _ route _ a _ posterior _
 []


Underfull \hbox (badness 10000) in paragraph at lines 953--954
[]|$\OT1/cmtt/m/n/10.95 docs / t6 _ 7 _ 1 _ smooth _ formal _
 []


Underfull \hbox (badness 10000) in paragraph at lines 954--954
[]|\OT1/cmr/m/n/10.95 (+20) Abrupt/OOD
 []


Underfull \hbox (badness 10000) in paragraph at lines 954--955
[]|$\OT1/cmtt/m/n/10.95 docs / t6 _ 7 _ 2 _ abrupt _ ood _ tail _
 []


Underfull \hbox (badness 10000) in paragraph at lines 955--955
[]|$\OT1/cmtt/m/n/10.95 docs / route _ a _ integrated _ rtl _
 []


Underfull \hbox (badness 10000) in paragraph at lines 955--956
[]|$\OT1/cmtt/m/n/10.95 docs / t6 _ 7 _ 3 _ route _ a _ integrated _
 []


Underfull \hbox (badness 6380) in paragraph at lines 955--956
\OT1/cmtt/m/n/10.95 rtl _ qualification . json$ \OT1/cmr/m/n/10.95 (+20) and ra
w
 []


Underfull \hbox (badness 4859) in paragraph at lines 956--956
[]|\OT1/cmr/m/n/10.95 (+20) V4 fi-nal ev-i-dence
 []


Underfull \hbox (badness 10000) in paragraph at lines 956--956
[]|$\OT1/cmtt/m/n/10.95 docs / route _ a _ final _ evidence _
 []


Underfull \hbox (badness 10000) in paragraph at lines 956--957
[]|$\OT1/cmtt/m/n/10.95 docs / t6 _ 9 _ 3 _ route _ a _ final _
 []


Underfull \hbox (badness 10000) in paragraph at lines 956--957
\OT1/cmtt/m/n/10.95 evidence _ gate . json$ \OT1/cmr/m/n/10.95 (+20) and source
-
 []


Underfull \hbox (badness 10000) in paragraph at lines 957--957
[]|$\OT1/cmtt/m/n/10.95 docs / route _ a _ causal _ headroom .
 []


Underfull \hbox (badness 10000) in paragraph at lines 957--957
\OT1/cmtt/m/n/10.95 md$\OT1/cmr/m/n/10.95 (+20) ; $\OT1/cmtt/m/n/10.95 docs / r
oute _ a _ v5 _ final _
 []


Underfull \hbox (badness 10000) in paragraph at lines 957--958
[]|$\OT1/cmtt/m/n/10.95 docs / t6 _ 10 _ 1 _ causal _ headroom .
 []


Underfull \hbox (badness 10000) in paragraph at lines 957--958
\OT1/cmtt/m/n/10.95 json$\OT1/cmr/m/n/10.95 (+20) ; $\OT1/cmtt/m/n/10.95 docs /
 t6 _ 15 _ 5 _ route _ a _ v5 _
 []


Underfull \hbox (badness 10000) in paragraph at lines 958--958
[]|$\OT1/cmtt/m/n/10.95 docs / noh _ cnot _ ci _ ml _
 []


Underfull \hbox (badness 10000) in paragraph at lines 958--959
[]|$\OT1/cmtt/m/n/10.95 docs / t6 _ 17 _ 2 _ noh _ cnot _ ci _ ml _
 []


Underfull \hbox (badness 10000) in paragraph at lines 959--959
[]|$\OT1/cmtt/m/n/10.95 docs / multimode _ posterior _
 []


Underfull \hbox (badness 10000) in paragraph at lines 959--960
[]|$\OT1/cmtt/m/n/10.95 docs / t6 _ 18 _ 3 _ multimode _
 []


Underfull \hbox (badness 10000) in paragraph at lines 959--960
\OT1/cmtt/m/n/10.95 posterior _ weighted _ cpd . json$
 []


Underfull \hbox (badness 7047) in paragraph at lines 960--960
[]|\OT1/cmr/m/n/10.95 (+20) Current pre-board
 []


Underfull \hbox (badness 10000) in paragraph at lines 960--960
[]|$\OT1/cmtt/m/n/10.95 docs / project _ preboard _ profiles .
 []


Underfull \hbox (badness 10000) in paragraph at lines 960--961
[]|$\OT1/cmtt/m/n/10.95 docs / t6 _ 19 _ 1 _ project _ preboard _
 []


Underfull \hbox (badness 10000) in paragraph at lines 961--961
[]|$\OT1/cmtt/m/n/10.95 docs / external _ fpga _ decoder _
 []


Underfull \hbox (badness 10000) in paragraph at lines 961--962
[]|$\OT1/cmtt/m/n/10.95 docs / t6 _ 19 _ 2 _ external _ fpga _
 []


Underfull \hbox (badness 10000) in paragraph at lines 962--962
[]|$\OT1/cmtt/m/n/10.95 docs / secondary _ comparison _
 []


Underfull \hbox (badness 10000) in paragraph at lines 962--963
[]|$\OT1/cmtt/m/n/10.95 docs / t6 _ 19 _ 3 _ secondary _
 []


Underfull \hbox (badness 10000) in paragraph at lines 962--963
\OT1/cmtt/m/n/10.95 evidence _ integrity . json$ \OT1/cmr/m/n/10.95 (+20) and
 []


Underfull \hbox (badness 10000) in paragraph at lines 963--963
[]|$\OT1/cmtt/m/n/10.95 docs / paper _ materials / paper _
 []


Underfull \hbox (badness 10000) in paragraph at lines 963--964
[]|$\OT1/cmtt/m/n/10.95 runs / p4 _ benchmark / T24 _ formal _
 []


Underfull \hbox (badness 10000) in paragraph at lines 963--964
\OT1/cmtt/m/n/10.95 software _ revalidation _ 20260510 _
 []


Underfull \hbox (badness 10000) in paragraph at lines 964--965
[]|$\OT1/cmtt/m/n/10.95 docs / t5 _ 5 _ 2 _ target _ device _
 []


Underfull \hbox (badness 10000) in paragraph at lines 965--965
[]|$\OT1/cmtt/m/n/10.95 docs / precision _ resource _
 []


Underfull \hbox (badness 10000) in paragraph at lines 965--966
[]|$\OT1/cmtt/m/n/10.95 docs / t5 _ 5 _ 3 _ precision _ resource _
 []


Underfull \hbox (badness 10000) in paragraph at lines 966--967
[]|$\OT1/cmtt/m/n/10.95 docs / t6 _ 2 _ 2 _ long _ rtl _
 []


Underfull \hbox (badness 10000) in paragraph at lines 967--967
[]|$\OT1/cmtt/m/n/10.95 docs / figures / ppt _ summary _
 []


Underfull \hbox (badness 10000) in paragraph at lines 967--967
\OT1/cmtt/m/n/10.95 20260716 / drift _ adaptive _
 []


Underfull \hbox (badness 10000) in paragraph at lines 967--968
[]|$\OT1/cmtt/m/n/10.95 docs / figures / make _ ppt _ summary _
 []


Underfull \hbox (badness 10000) in paragraph at lines 968--968
[]|$\OT1/cmtt/m/n/10.95 docs / figures / ppt _ summary _
 []


Underfull \hbox (badness 10000) in paragraph at lines 968--968
\OT1/cmtt/m/n/10.95 20260716 / effective _ fidelity _
 []


Underfull \hbox (badness 10000) in paragraph at lines 968--969
[]|$\OT1/cmtt/m/n/10.95 docs / t4 _ 4 _ 4 _ teacher _ student _
 []


Underfull \hbox (badness 10000) in paragraph at lines 968--969
\OT1/cmtt/m/n/10.95 gain _ retention _ source _ data . csv$
 []


Underfull \hbox (badness 10000) in paragraph at lines 969--969
[]|\OT1/cmr/m/n/10.95 (+20) Evidence-bounded
 []


Underfull \hbox (badness 10000) in paragraph at lines 969--969
[]|$\OT1/cmtt/m/n/10.95 docs / figures / route _ a _
 []


Underfull \hbox (badness 10000) in paragraph at lines 970--970
[]|$\OT1/cmtt/m/n/10.95 docs / figures / t6 _ 19 _ 3 _ secondary _
 []

[20] [21] [22{c:/texlive/2024/texmf-dist/fonts/enc/dvips/cm-super/cm-super-ts1.
enc}]
(D:/Codes/Quantum/DriftAdaptiveQEC/output/pdf/contract_note/Contract_Centric_Re
gime_Aware_GKP_note_draft.aux)
 ***********
LaTeX2e <2023-11-01> patch level 1
L3 programming layer <2024-02-20>
 ***********
Package rerunfilecheck Info: File `Contract_Centric_Regime_Aware_GKP_note_draft
.out' has not changed.
(rerunfilecheck)             Checksum: C8A5800C49219DFF17C853F1AC54C270;7033.
 ) 
Here is how much of TeX's memory you used:
 13196 strings out of 474116
 205071 string characters out of 5747717
 1959190 words of memory out of 5000000
 35072 multiletter control sequences out of 15000+600000
 578202 words of font info for 201 fonts, out of 8000000 for 9000
 1141 hyphenation exceptions out of 8191
 75i,13n,79p,1092b,588s stack positions out of 10000i,1000n,20000p,200000b,200000s
<c:/texlive/2024/texmf-dist/fonts/type1/public/amsfonts/cm/cmbx10.pfb><c:/tex
live/2024/texmf-dist/fonts/type1/public/amsfonts/cm/cmbx12.pfb><c:/texlive/2024
/texmf-dist/fonts/type1/public/amsfonts/cm/cmcsc10.pfb><c:/texlive/2024/texmf-d
ist/fonts/type1/public/amsfonts/cm/cmex10.pfb><c:/texlive/2024/texmf-dist/fonts
/type1/public/amsfonts/cm/cmmi10.pfb><c:/texlive/2024/texmf-dist/fonts/type1/pu
blic/amsfonts/cm/cmmi8.pfb><c:/texlive/2024/texmf-dist/fonts/type1/public/amsfo
nts/cm/cmmi9.pfb><c:/texlive/2024/texmf-dist/fonts/type1/public/amsfonts/cm/cmr
10.pfb><c:/texlive/2024/texmf-dist/fonts/type1/public/amsfonts/cm/cmr12.pfb><c:
/texlive/2024/texmf-dist/fonts/type1/public/amsfonts/cm/cmr17.pfb><c:/texlive/2
024/texmf-dist/fonts/type1/public/amsfonts/cm/cmr7.pfb><c:/texlive/2024/texmf-d
ist/fonts/type1/public/amsfonts/cm/cmr8.pfb><c:/texlive/2024/texmf-dist/fonts/t
ype1/public/amsfonts/cm/cmr9.pfb><c:/texlive/2024/texmf-dist/fonts/type1/public
/amsfonts/cm/cmsy10.pfb><c:/texlive/2024/texmf-dist/fonts/type1/public/amsfonts
/cm/cmsy7.pfb><c:/texlive/2024/texmf-dist/fonts/type1/public/amsfonts/cm/cmsy8.
pfb><c:/texlive/2024/texmf-dist/fonts/type1/public/amsfonts/cm/cmti10.pfb><c:/t
exlive/2024/texmf-dist/fonts/type1/public/amsfonts/cm/cmtt10.pfb><c:/texlive/20
24/texmf-dist/fonts/type1/public/cm-super/sfrm1095.pfb>
Output written on D:/Codes/Quantum/DriftAdaptiveQEC/output/pdf/contract_note/Co
ntract_Centric_Regime_Aware_GKP_note_draft.pdf (22 pages, 763732 bytes).
PDF statistics:
 590 PDF objects out of 1000 (max. 8388607)
 444 compressed objects within 5 object streams
 95 named destinations out of 1000 (max. 500000)
 44311 words of extra memory for PDF output out of 51595 (max. 10000000)

